<html>
<body>
<pre>
<h1>礦ision Build Log</h1>
<h2>Tool Versions:</h2>
IDE-Version: μVision V5.14.0.0
Copyright (C) 2015 ARM Ltd and ARM Germany GmbH. All rights reserved.
License Information: a a, a, LIC=GE7DY-ILT8E-LVX1I-TK9SH-DKADN-VABAP
 
Tool Versions:
Toolchain:       MDK-ARM Professional  Version: 5.14.0.0
Toolchain Path:  D:\Keil_v5\ARM\ARMCC\Bin
C Compiler:      Armcc.exe V5.05 update 1 (build 106)
Assembler:       Armasm.exe V5.05 update 1 (build 106)
Linker/Locator:  ArmLink.exe V5.05 update 1 (build 106)
Library Manager: ArmAr.exe V5.05 update 1 (build 106)
Hex Converter:   FromElf.exe V5.05 update 1 (build 106)
CPU DLL:         SARMCM3.DLL V5.14.0.0
Dialog DLL:      DARMSTM.DLL V1.65.0.0
Target DLL:      STLink\ST-LINKIII-KEIL_SWO.dll V2.0.14.0_KEIL
Dialog DLL:      TARMSTM.DLL V1.64.0.0
 
<h2>Project:</h2>
E:\stm32-code\2.2-drone-new\四轴C程序V3.0\2.四轴C程序-光流 -20241224-V3.934 - new - 解锁优化，防止遥控多次重启误触发\Mini_G3.uvprojx
Project File Date:  06/21/2024

<h2>Output:</h2>
Build target 'Target 1'
compiling main.c...
.\HARDWARE\LED.h(67): warning:  #1295-D: Deprecated declaration CloseLED - give arg types
  extern void CloseLED();
USER\scheduler.h(21): warning:  #1295-D: Deprecated declaration Duty_2ms - give arg types
  void Duty_2ms();
USER\scheduler.h(22): warning:  #1295-D: Deprecated declaration Duty_4ms - give arg types
  void Duty_4ms();
USER\scheduler.h(23): warning:  #1295-D: Deprecated declaration Duty_6ms - give arg types
  void Duty_6ms();
USER\scheduler.h(24): warning:  #1295-D: Deprecated declaration Duty_10ms - give arg types
  void Duty_10ms();
USER\scheduler.h(25): warning:  #1295-D: Deprecated declaration Duty_20ms - give arg types
  void Duty_20ms();
USER\scheduler.h(26): warning:  #1295-D: Deprecated declaration Duty_50ms - give arg types
  void Duty_50ms();
USER\scheduler.h(27): warning:  #1295-D: Deprecated declaration Duty_1000ms - give arg types
  void Duty_1000ms();
USER\scheduler.h(28): warning:  #1-D: last line of file ends without a newline
  #endif
USER\main.c: 9 warnings, 0 errors
compiling sys.c...
.\HARDWARE\LED.h(67): warning:  #1295-D: Deprecated declaration CloseLED - give arg types
  extern void CloseLED();
USER\sys.c: 1 warning, 0 errors
compiling scheduler.c...
.\HARDWARE\LED.h(67): warning:  #1295-D: Deprecated declaration CloseLED - give arg types
  extern void CloseLED();
USER\scheduler.h(21): warning:  #1295-D: Deprecated declaration Duty_2ms - give arg types
  void Duty_2ms();
USER\scheduler.h(22): warning:  #1295-D: Deprecated declaration Duty_4ms - give arg types
  void Duty_4ms();
USER\scheduler.h(23): warning:  #1295-D: Deprecated declaration Duty_6ms - give arg types
  void Duty_6ms();
USER\scheduler.h(24): warning:  #1295-D: Deprecated declaration Duty_10ms - give arg types
  void Duty_10ms();
USER\scheduler.h(25): warning:  #1295-D: Deprecated declaration Duty_20ms - give arg types
  void Duty_20ms();
USER\scheduler.h(26): warning:  #1295-D: Deprecated declaration Duty_50ms - give arg types
  void Duty_50ms();
USER\scheduler.h(27): warning:  #1295-D: Deprecated declaration Duty_1000ms - give arg types
  void Duty_1000ms();
USER\scheduler.h(28): warning:  #1-D: last line of file ends without a newline
  #endif
USER\scheduler.c(217): warning:  #1-D: last line of file ends without a newline
  //////////////////////////end///////////////////////////////////////////
USER\scheduler.c: 10 warnings, 0 errors
compiling INIT.c...
.\HARDWARE\LED.h(67): warning:  #1295-D: Deprecated declaration CloseLED - give arg types
  extern void CloseLED();
USER\INIT.c: 1 warning, 0 errors
compiling GPIO.c...
.\HARDWARE\LED.h(67): warning:  #1295-D: Deprecated declaration CloseLED - give arg types
  extern void CloseLED();
CONFIG\GPIO.c: 1 warning, 0 errors
compiling TIM.c...
.\HARDWARE\LED.h(67): warning:  #1295-D: Deprecated declaration CloseLED - give arg types
  extern void CloseLED();
CONFIG\TIM.c: 1 warning, 0 errors
compiling ADC.c...
.\HARDWARE\LED.h(67): warning:  #1295-D: Deprecated declaration CloseLED - give arg types
  extern void CloseLED();
CONFIG\ADC.c(200): warning:  #1-D: last line of file ends without a newline
  }
CONFIG\ADC.c: 2 warnings, 0 errors
compiling Spi.c...
.\HARDWARE\LED.h(67): warning:  #1295-D: Deprecated declaration CloseLED - give arg types
  extern void CloseLED();
CONFIG\Spi.c: 1 warning, 0 errors
compiling USART3.c...
.\HARDWARE\LED.h(67): warning:  #1295-D: Deprecated declaration CloseLED - give arg types
  extern void CloseLED();
CONFIG\USART3.c: 1 warning, 0 errors
compiling Uart1.c...
.\HARDWARE\LED.h(67): warning:  #1295-D: Deprecated declaration CloseLED - give arg types
  extern void CloseLED();
CONFIG\Uart1.c(136): warning:  #1-D: last line of file ends without a newline
  }
CONFIG\Uart1.c: 2 warnings, 0 errors
compiling USART2.c...
.\HARDWARE\LED.h(67): warning:  #1295-D: Deprecated declaration CloseLED - give arg types
  extern void CloseLED();
CONFIG\USART2.c: 1 warning, 0 errors
compiling LED.c...
HARDWARE\LED.h(67): warning:  #1295-D: Deprecated declaration CloseLED - give arg types
  extern void CloseLED();
HARDWARE\LED.c: 1 warning, 0 errors
compiling nrf24l01.c...
HARDWARE\LED.h(67): warning:  #1295-D: Deprecated declaration CloseLED - give arg types
  extern void CloseLED();
HARDWARE\nrf24l01.c: 1 warning, 0 errors
compiling mpu6050.c...
.\HARDWARE\LED.h(67): warning:  #1295-D: Deprecated declaration CloseLED - give arg types
  extern void CloseLED();
HARDWARE\mpu6050.c: 1 warning, 0 errors
compiling spl06.c...
.\HARDWARE\LED.h(67): warning:  #1295-D: Deprecated declaration CloseLED - give arg types
  extern void CloseLED();
HARDWARE\spl06.c(99): warning:  #167-D: argument of type "unsigned char *" is incompatible with parameter of type "int8_t *"
        IIC_Read_1Byte(hwadr, regadr, &reg_data);
HARDWARE\spl06.c(126): warning:  #68-D: integer conversion resulted in a change of sign
        IIC_Read_1Byte(HW_ADR,SPL06_PRODUCT_ID_ADDR,&data);
HARDWARE\spl06.c(126): warning:  #167-D: argument of type "unsigned char *" is incompatible with parameter of type "int8_t *"
        IIC_Read_1Byte(HW_ADR,SPL06_PRODUCT_ID_ADDR,&data);
HARDWARE\spl06.c: 4 warnings, 0 errors
compiling flow.c...
.\HARDWARE\LED.h(67): warning:  #1295-D: Deprecated declaration CloseLED - give arg types
  extern void CloseLED();
HARDWARE\flow.c: 1 warning, 0 errors
compiling spl06_cankao.c...
.\HARDWARE\LED.h(67): warning:  #1295-D: Deprecated declaration CloseLED - give arg types
  extern void CloseLED();
HARDWARE\spl06_cankao.c(544): warning:  #167-D: argument of type "unsigned char *" is incompatible with parameter of type "int8_t *"
                IIC_Read_1Byte(deviceaddress, eeaddress, &reg_data);
HARDWARE\spl06_cankao.c: 2 warnings, 0 errors
compiling ANO_DT.c...
.\HARDWARE\LED.h(67): warning:  #1295-D: Deprecated declaration CloseLED - give arg types
  extern void CloseLED();
HAL\ANO_DT.c(91): warning:  #177-D: variable "CMD2" was declared but never referenced
                                 }CMD2;
HAL\ANO_DT.c(631): warning:  #174-D: expression has no effect
                          LIMIT(Remote.thr,1000,2000);
HAL\ANO_DT.c(634): warning:  #174-D: expression has no effect
                                LIMIT(Remote.yaw,1000,2000);
HAL\ANO_DT.c(637): warning:  #174-D: expression has no effect
                          LIMIT(Remote.roll,1000,2000);
HAL\ANO_DT.c(640): warning:  #174-D: expression has no effect
                          LIMIT(Remote.pitch,1000,2000);//
HAL\ANO_DT.c(649): warning:  #174-D: expression has no effect
                          LIMIT(Remote.AUX1,1000,2000);
HAL\ANO_DT.c(651): warning:  #174-D: expression has no effect
                          LIMIT(Remote.AUX2,1000,2000);
HAL\ANO_DT.c(653): warning:  #174-D: expression has no effect
                          LIMIT(Remote.AUX3,1000,2000);
HAL\ANO_DT.c(655): warning:  #174-D: expression has no effect
                          LIMIT(Remote.AUX4,1000,2000);
HAL\ANO_DT.c(659): warning:  #174-D: expression has no effect
                          LIMIT(Remote.AUX5,1000,2000);
HAL\ANO_DT.c(662): warning:  #174-D: expression has no effect
                                LIMIT(Remote.AUX6,1000,2000);
HAL\ANO_DT.c: 12 warnings, 0 errors
compiling remote.c...
.\HARDWARE\LED.h(67): warning:  #1295-D: Deprecated declaration CloseLED - give arg types
  extern void CloseLED();
HAL\remote.c(89): warning:  #177-D: variable "yaw_ratio" was declared but never referenced
                                                                const float yaw_ratio =  0.0015f;    
HAL\remote.c(149): warning:  #174-D: expression has no effect
                                        LIMIT(Remote.roll,1000,2000);
HAL\remote.c(151): warning:  #174-D: expression has no effect
                                        LIMIT(Remote.pitch,1000,2000);
HAL\remote.c(153): warning:  #174-D: expression has no effect
                                        LIMIT(Remote.yaw,1000,2000);            
HAL\remote.c(177): warning:  #174-D: expression has no effect
                                        LIMIT(Remote.thr,1000,2000);            
HAL\remote.c: 6 warnings, 0 errors
compiling control.c...
.\HARDWARE\LED.h(67): warning:  #1295-D: Deprecated declaration CloseLED - give arg types
  extern void CloseLED();
HAL\control.c(1832): warning:  #177-D: variable "Pos_breaktime_max" was declared but never referenced
                static u8 Pos_breaktime_max=100;
HAL\control.c(1834): warning:  #550-D: variable "Flow_SpeedPid_out_old_x" was set but never used
                static float  Flow_SpeedPid_out_old_x=0; //实现输出滤波
HAL\control.c(1835): warning:  #550-D: variable "Flow_SpeedPid_out_old_y" was set but never used
                static float  Flow_SpeedPid_out_old_y=0;
HAL\control.c: 4 warnings, 0 errors
compiling WIFI_UFO.c...
.\HARDWARE\LED.h(67): warning:  #1295-D: Deprecated declaration CloseLED - give arg types
  extern void CloseLED();
HAL\WIFI_UFO.c(48): warning:  #174-D: expression has no effect
                                        LIMIT(Remote.thr,1000,2000);
HAL\WIFI_UFO.c(51): warning:  #174-D: expression has no effect
                                        LIMIT(Remote.yaw,1000,2000);
HAL\WIFI_UFO.c(56): warning:  #174-D: expression has no effect
                                        LIMIT(Remote.roll,1000,2000);
HAL\WIFI_UFO.c(58): warning:  #174-D: expression has no effect
                                        LIMIT(Remote.pitch,1000,2000);
HAL\WIFI_UFO.c(63): warning:  #186-D: pointless comparison of unsigned integer with zero
                                        LIMIT(Remote.AUX2,0,128);                                                                                       
HAL\WIFI_UFO.c(63): warning:  #174-D: expression has no effect
                                        LIMIT(Remote.AUX2,0,128);                                                                                       
HAL\WIFI_UFO.c: 7 warnings, 0 errors
compiling ANO_Data_Transfer.c...
.\HARDWARE\LED.h(67): warning:  #1295-D: Deprecated declaration CloseLED - give arg types
  extern void CloseLED();
HAL\ANO_Data_Transfer.c: 1 warning, 0 errors
compiling filter.c...
.\HARDWARE\LED.h(67): warning:  #1295-D: Deprecated declaration CloseLED - give arg types
  extern void CloseLED();
MATH\filter.c: 1 warning, 0 errors
compiling kalman.c...
.\HARDWARE\LED.h(67): warning:  #1295-D: Deprecated declaration CloseLED - give arg types
  extern void CloseLED();
MATH\kalman.c: 1 warning, 0 errors
compiling myMath.c...
.\HARDWARE\LED.h(67): warning:  #1295-D: Deprecated declaration CloseLED - give arg types
  extern void CloseLED();
MATH\myMath.c: 1 warning, 0 errors
linking...
Program Size: Code=48260 RO-data=772 RW-data=708 ZI-data=4956  
FromELF: creating hex file...
".\Output\FJCX.axf" - 0 Error(s), 73 Warning(s).

<h2>Collection of Component include folders:</h2>
  E:\stm32-code\2.2-drone-new\四轴C程序V3.0\2.四轴C程序-光流 -20241224-V3.934 - new - 解锁优化，防止遥控多次重启误触发\RTE
  D:\Keil_v5\ARM\PACK\Keil\STM32F1xx_DFP\2.1.0

<h2>Collection of Component Files used:</h2>
</pre>
</body>
</html>
