Component: ARM Compiler 5.05 update 1 (build 106) Tool: armlink [4d0efa]

==============================================================================

Section Cross References

    system_stm32f10x.o(i.SetSysClock) refers to system_stm32f10x.o(i.SetSysClockTo72) for SetSysClockTo72
    system_stm32f10x.o(i.SystemCoreClockUpdate) refers to system_stm32f10x.o(.data) for SystemCoreClock
    system_stm32f10x.o(i.SystemInit) refers to system_stm32f10x.o(i.SetSysClock) for SetSysClock
    startup_stm32f10x_md.o(RESET) refers to startup_stm32f10x_md.o(STACK) for __initial_sp
    startup_stm32f10x_md.o(RESET) refers to startup_stm32f10x_md.o(.text) for Reset_Handler
    startup_stm32f10x_md.o(RESET) refers to stm32f10x_it.o(i.NMI_Handler) for NMI_Handler
    startup_stm32f10x_md.o(RESET) refers to stm32f10x_it.o(i.HardFault_Handler) for HardFault_Handler
    startup_stm32f10x_md.o(RESET) refers to stm32f10x_it.o(i.MemManage_Handler) for MemManage_Handler
    startup_stm32f10x_md.o(RESET) refers to stm32f10x_it.o(i.BusFault_Handler) for BusFault_Handler
    startup_stm32f10x_md.o(RESET) refers to stm32f10x_it.o(i.UsageFault_Handler) for UsageFault_Handler
    startup_stm32f10x_md.o(RESET) refers to stm32f10x_it.o(i.SVC_Handler) for SVC_Handler
    startup_stm32f10x_md.o(RESET) refers to stm32f10x_it.o(i.DebugMon_Handler) for DebugMon_Handler
    startup_stm32f10x_md.o(RESET) refers to stm32f10x_it.o(i.PendSV_Handler) for PendSV_Handler
    startup_stm32f10x_md.o(RESET) refers to stm32f10x_it.o(i.SysTick_Handler) for SysTick_Handler
    startup_stm32f10x_md.o(RESET) refers to uart1.o(i.USART1_IRQHandler) for USART1_IRQHandler
    startup_stm32f10x_md.o(RESET) refers to usart2.o(i.USART2_IRQHandler) for USART2_IRQHandler
    startup_stm32f10x_md.o(RESET) refers to ano_dt.o(i.USART3_IRQHandler) for USART3_IRQHandler
    startup_stm32f10x_md.o(.text) refers to system_stm32f10x.o(i.SystemInit) for SystemInit
    startup_stm32f10x_md.o(.text) refers to entry.o(.ARM.Collect$$$$00000000) for __main
    stm32f10x_it.o(i.SysTick_Handler) refers to delay.o(i.SysTick_IRQ) for SysTick_IRQ
    main.o(i.IWDG_Feed) refers to stm32f10x_iwdg.o(i.IWDG_ReloadCounter) for IWDG_ReloadCounter
    main.o(i.IWDG_Init) refers to stm32f10x_iwdg.o(i.IWDG_WriteAccessCmd) for IWDG_WriteAccessCmd
    main.o(i.IWDG_Init) refers to stm32f10x_iwdg.o(i.IWDG_SetPrescaler) for IWDG_SetPrescaler
    main.o(i.IWDG_Init) refers to stm32f10x_iwdg.o(i.IWDG_SetReload) for IWDG_SetReload
    main.o(i.IWDG_Init) refers to stm32f10x_iwdg.o(i.IWDG_ReloadCounter) for IWDG_ReloadCounter
    main.o(i.IWDG_Init) refers to stm32f10x_iwdg.o(i.IWDG_Enable) for IWDG_Enable
    main.o(i.main) refers to delay.o(i.cycleCounterInit) for cycleCounterInit
    main.o(i.main) refers to misc.o(i.NVIC_PriorityGroupConfig) for NVIC_PriorityGroupConfig
    main.o(i.main) refers to init.o(i.ALL_Init) for ALL_Init
    main.o(i.main) refers to main.o(i.IWDG_Init) for IWDG_Init
    main.o(i.main) refers to scheduler.o(i.main_loop) for main_loop
    main.o(i.main) refers to main.o(i.IWDG_Feed) for IWDG_Feed
    main.o(i.main) refers to system_stm32f10x.o(.data) for SystemCoreClock
    delay.o(i.GetSysTime_us) refers to init.o(.data) for SysTick_count
    delay.o(i.GetSysTime_us) refers to delay.o(.data) for usTicks
    delay.o(i.SysTick_IRQ) refers to scheduler.o(i.Loop_check) for Loop_check
    delay.o(i.SysTick_IRQ) refers to init.o(.data) for SysTick_count
    delay.o(i.SysTick_IRQ) refers to delay.o(.data) for sys_init_ok
    delay.o(i.cycleCounterInit) refers to stm32f10x_rcc.o(i.RCC_GetClocksFreq) for RCC_GetClocksFreq
    delay.o(i.cycleCounterInit) refers to delay.o(.data) for usTicks
    delay.o(i.delay_ms) refers to delay.o(i.GetSysTime_us) for GetSysTime_us
    delay.o(i.delay_ms) refers to delay.o(.data) for SysTick_count22
    delay.o(i.micros) refers to ffltui.o(.text) for __aeabi_ui2f
    delay.o(i.micros) refers to fdiv.o(.text) for __aeabi_fdiv
    delay.o(i.micros) refers to fadd.o(.text) for __aeabi_fadd
    delay.o(i.micros) refers to delay.o(.data) for SysTick_count22
    scheduler.o(i.Duty_1000ms) refers to nrf24l01.o(.data) for NRF_SSI_CNT
    scheduler.o(i.Duty_1000ms) refers to wifi_ufo.o(.data) for WIFI_SSI_CNT
    scheduler.o(i.Duty_1000ms) refers to spl06.o(.data) for Locat_SSI_CNT
    scheduler.o(i.Duty_1000ms) refers to scheduler.o(.data) for time_sum
    scheduler.o(i.Duty_1000ms) refers to scheduler.o(.bss) for time
    scheduler.o(i.Duty_10ms) refers to delay.o(i.GetSysTime_us) for GetSysTime_us
    scheduler.o(i.Duty_10ms) refers to flow.o(i.Pixel_Flow_Fix) for Pixel_Flow_Fix
    scheduler.o(i.Duty_10ms) refers to control.o(i.Flow_Pos_Controler) for Flow_Pos_Controler
    scheduler.o(i.Duty_10ms) refers to spl06.o(i.Height_Get) for Height_Get
    scheduler.o(i.Duty_10ms) refers to spl06.o(i.High_Data_Calc) for High_Data_Calc
    scheduler.o(i.Duty_10ms) refers to control.o(i.HeightPidControl) for HeightPidControl
[...]
    spl0601                                  0x20000330   Data          44  init.o(.bss)
    .bss                                     0x20000b2c   Section      300  uart1.o(.bss)
    spl0601                                  0x20000b2c   Data          44  uart1.o(.bss)
    .bss                                     0x20000c58   Section      300  usart2.o(.bss)
    spl0601                                  0x20000c58   Data          44  usart2.o(.bss)
    .bss                                     0x20000d84   Section      108  nrf24l01.o(.bss)
    spl0601                                  0x20000d84   Data          44  nrf24l01.o(.bss)
    .bss                                     0x20000df0   Section       72  mpu6050.o(.bss)
    spl0601                                  0x20000df0   Data          44  mpu6050.o(.bss)
    tBuff                                    0x20000e2c   Data          12  mpu6050.o(.bss)
    .bss                                     0x20000e38   Section      228  spl06.o(.bss)
    spl0601                                  0x20000e38   Data          44  spl06.o(.bss)
    .bss                                     0x20000f1c   Section      228  flow.o(.bss)
    spl0601                                  0x20000f1c   Data          44  flow.o(.bss)
    RxBuffer                                 0x20000fe0   Data          32  flow.o(.bss)
    .bss                                     0x20001000   Section      422  ano_dt.o(.bss)
    spl0601                                  0x20001000   Data          44  ano_dt.o(.bss)
    RatePID                                  0x2000102c   Data          18  ano_dt.o(.bss)
    AnglePID                                 0x2000103e   Data          18  ano_dt.o(.bss)
    HighPID                                  0x20001050   Data          18  ano_dt.o(.bss)
    HighPID4                                 0x20001062   Data          18  ano_dt.o(.bss)
    RxBuffer                                 0x20001174   Data          50  ano_dt.o(.bss)
    .bss                                     0x200011a8   Section      108  ano_data_transfer.o(.bss)
    spl0601                                  0x200011a8   Data          44  ano_data_transfer.o(.bss)
    .bss                                     0x20001214   Section       12  imu.o(.bss)
    GyroIntegError                           0x20001214   Data          12  imu.o(.bss)
    STACK                                    0x20001220   Section     1024  startup_stm32f10x_md.o(STACK)

    Global Symbols

    Symbol Name                              Value     Ov Type        Size  Object(Section)

    BuildAttributes$$THM_ISAv4$P$D$K$B$S$PE$A:L22UL41UL21$X:L11$S22US41US21$IEEE1$IW$USESV6$~STKCKD$USESV7$~SHL$OTIME$ROPI$IEEEX$EBA8$MICROLIB$REQ8$PRES8$EABIv2 0x00000000   Number         0  anon$$obj.o ABSOLUTE
    __ARM_use_no_argv                        0x00000000   Number         0  main.o ABSOLUTE
    _printf_a                                0x00000000   Number         0  stubs.o ABSOLUTE
    _printf_c                                0x00000000   Number         0  stubs.o ABSOLUTE
    _printf_charcount                        0x00000000   Number         0  stubs.o ABSOLUTE
    _printf_d                                0x00000000   Number         0  stubs.o ABSOLUTE
    _printf_e                                0x00000000   Number         0  stubs.o ABSOLUTE
    _printf_f                                0x00000000   Number         0  stubs.o ABSOLUTE
    _printf_flags                            0x00000000   Number         0  stubs.o ABSOLUTE
    _printf_fp_dec                           0x00000000   Number         0  stubs.o ABSOLUTE
    _printf_fp_hex                           0x00000000   Number         0  stubs.o ABSOLUTE
    _printf_g                                0x00000000   Number         0  stubs.o ABSOLUTE
    _printf_i                                0x00000000   Number         0  stubs.o ABSOLUTE
    _printf_int_dec                          0x00000000   Number         0  stubs.o ABSOLUTE
    _printf_l                                0x00000000   Number         0  stubs.o ABSOLUTE
    _printf_lc                               0x00000000   Number         0  stubs.o ABSOLUTE
    _printf_ll                               0x00000000   Number         0  stubs.o ABSOLUTE
    _printf_lld                              0x00000000   Number         0  stubs.o ABSOLUTE
    _printf_lli                              0x00000000   Number         0  stubs.o ABSOLUTE
    _printf_llo                              0x00000000   Number         0  stubs.o ABSOLUTE
    _printf_llu                              0x00000000   Number         0  stubs.o ABSOLUTE
    _printf_llx                              0x00000000   Number         0  stubs.o ABSOLUTE
    _printf_longlong_dec                     0x00000000   Number         0  stubs.o ABSOLUTE
    _printf_longlong_hex                     0x00000000   Number         0  stubs.o ABSOLUTE
    _printf_longlong_oct                     0x00000000   Number         0  stubs.o ABSOLUTE
    _printf_ls                               0x00000000   Number         0  stubs.o ABSOLUTE
    _printf_mbtowc                           0x00000000   Number         0  stubs.o ABSOLUTE
    _printf_n                                0x00000000   Number         0  stubs.o ABSOLUTE
    _printf_o                                0x00000000   Number         0  stubs.o ABSOLUTE
    _printf_p                                0x00000000   Number         0  stubs.o ABSOLUTE
    _printf_percent                          0x00000000   Number         0  stubs.o ABSOLUTE
    _printf_pre_padding                      0x00000000   Number         0  stubs.o ABSOLUTE
    _printf_return_value                     0x00000000   Number         0  stubs.o ABSOLUTE
    _printf_s                                0x00000000   Number         0  stubs.o ABSOLUTE
    _printf_sizespec                         0x00000000   Number         0  stubs.o ABSOLUTE
    _printf_str                              0x00000000   Number         0  stubs.o ABSOLUTE
    _printf_truncate_signed                  0x00000000   Number         0  stubs.o ABSOLUTE
    _printf_truncate_unsigned                0x00000000   Number         0  stubs.o ABSOLUTE
    _printf_u                                0x00000000   Number         0  stubs.o ABSOLUTE
    _printf_wc                               0x00000000   Number         0  stubs.o ABSOLUTE
    _printf_wctomb                           0x00000000   Number         0  stubs.o ABSOLUTE
    _printf_widthprec                        0x00000000   Number         0  stubs.o ABSOLUTE
    _printf_x                                0x00000000   Number         0  stubs.o ABSOLUTE
    __cpp_initialize__aeabi_                  - Undefined Weak Reference
    __cxa_finalize                            - Undefined Weak Reference
    _clock_init                               - Undefined Weak Reference
    _microlib_exit                            - Undefined Weak Reference
    __Vectors_Size                           0x000000ec   Number         0  startup_stm32f10x_md.o ABSOLUTE
    __Vectors                                0x08000000   Data           4  startup_stm32f10x_md.o(RESET)
    __Vectors_End                            0x080000ec   Data           0  startup_stm32f10x_md.o(RESET)
    __main                                   0x080000ed   Thumb Code     0  entry.o(.ARM.Collect$$$$00000000)
    _main_stk                                0x080000ed   Thumb Code     0  entry2.o(.ARM.Collect$$$$00000001)
    _main_scatterload                        0x080000f1   Thumb Code     0  entry5.o(.ARM.Collect$$$$00000004)
    __main_after_scatterload                 0x080000f5   Thumb Code     0  entry5.o(.ARM.Collect$$$$00000004)
    _main_clock                              0x080000f5   Thumb Code     0  entry7b.o(.ARM.Collect$$$$00000008)
    _main_cpp_init                           0x080000f5   Thumb Code     0  entry8b.o(.ARM.Collect$$$$0000000A)
    _main_init                               0x080000f5   Thumb Code     0  entry9a.o(.ARM.Collect$$$$0000000B)
    __rt_final_cpp                           0x080000fd   Thumb Code     0  entry10a.o(.ARM.Collect$$$$0000000D)
    __rt_final_exit                          0x080000fd   Thumb Code     0  entry11a.o(.ARM.Collect$$$$0000000F)
    Reset_Handler                            0x08000101   Thumb Code     8  startup_stm32f10x_md.o(.text)
    ADC1_2_IRQHandler                        0x0800011b   Thumb Code     0  startup_stm32f10x_md.o(.text)
    CAN1_RX1_IRQHandler                      0x0800011b   Thumb Code     0  startup_stm32f10x_md.o(.text)
    CAN1_SCE_IRQHandler                      0x0800011b   Thumb Code     0  startup_stm32f10x_md.o(.text)
    DMA1_Channel1_IRQHandler                 0x0800011b   Thumb Code     0  startup_stm32f10x_md.o(.text)
    DMA1_Channel2_IRQHandler                 0x0800011b   Thumb Code     0  startup_stm32f10x_md.o(.text)
    DMA1_Channel3_IRQHandler                 0x0800011b   Thumb Code     0  startup_stm32f10x_md.o(.text)
    DMA1_Channel4_IRQHandler                 0x0800011b   Thumb Code     0  startup_stm32f10x_md.o(.text)
    DMA1_Channel5_IRQHandler                 0x0800011b   Thumb Code     0  startup_stm32f10x_md.o(.text)
    DMA1_Channel6_IRQHandler                 0x0800011b   Thumb Code     0  startup_stm32f10x_md.o(.text)
    DMA1_Channel7_IRQHandler                 0x0800011b   Thumb Code     0  startup_stm32f10x_md.o(.text)
    EXTI0_IRQHandler                         0x0800011b   Thumb Code     0  startup_stm32f10x_md.o(.text)
    EXTI15_10_IRQHandler                     0x0800011b   Thumb Code     0  startup_stm32f10x_md.o(.text)
    EXTI1_IRQHandler                         0x0800011b   Thumb Code     0  startup_stm32f10x_md.o(.text)
    EXTI2_IRQHandler                         0x0800011b   Thumb Code     0  startup_stm32f10x_md.o(.text)
    EXTI3_IRQHandler                         0x0800011b   Thumb Code     0  startup_stm32f10x_md.o(.text)
    EXTI4_IRQHandler                         0x0800011b   Thumb Code     0  startup_stm32f10x_md.o(.text)
    EXTI9_5_IRQHandler                       0x0800011b   Thumb Code     0  startup_stm32f10x_md.o(.text)
    FLASH_IRQHandler                         0x0800011b   Thumb Code     0  startup_stm32f10x_md.o(.text)
    I2C1_ER_IRQHandler                       0x0800011b   Thumb Code     0  startup_stm32f10x_md.o(.text)
    I2C1_EV_IRQHandler                       0x0800011b   Thumb Code     0  startup_stm32f10x_md.o(.text)
    I2C2_ER_IRQHandler                       0x0800011b   Thumb Code     0  startup_stm32f10x_md.o(.text)
    I2C2_EV_IRQHandler                       0x0800011b   Thumb Code     0  startup_stm32f10x_md.o(.text)
    PVD_IRQHandler                           0x0800011b   Thumb Code     0  startup_stm32f10x_md.o(.text)
    RCC_IRQHandler                           0x0800011b   Thumb Code     0  startup_stm32f10x_md.o(.text)
    RTCAlarm_IRQHandler                      0x0800011b   Thumb Code     0  startup_stm32f10x_md.o(.text)
    RTC_IRQHandler                           0x0800011b   Thumb Code     0  startup_stm32f10x_md.o(.text)
    SPI1_IRQHandler                          0x0800011b   Thumb Code     0  startup_stm32f10x_md.o(.text)
    SPI2_IRQHandler                          0x0800011b   Thumb Code     0  startup_stm32f10x_md.o(.text)
    TAMPER_IRQHandler                        0x0800011b   Thumb Code     0  startup_stm32f10x_md.o(.text)
    TIM1_BRK_IRQHandler                      0x0800011b   Thumb Code     0  startup_stm32f10x_md.o(.text)
    TIM1_CC_IRQHandler                       0x0800011b   Thumb Code     0  startup_stm32f10x_md.o(.text)
    TIM1_TRG_COM_IRQHandler                  0x0800011b   Thumb Code     0  startup_stm32f10x_md.o(.text)
    TIM1_UP_IRQHandler                       0x0800011b   Thumb Code     0  startup_stm32f10x_md.o(.text)
    TIM2_IRQHandler                          0x0800011b   Thumb Code     0  startup_stm32f10x_md.o(.text)
    TIM3_IRQHandler                          0x0800011b   Thumb Code     0  startup_stm32f10x_md.o(.text)
    TIM4_IRQHandler                          0x0800011b   Thumb Code     0  startup_stm32f10x_md.o(.text)
    USBWakeUp_IRQHandler                     0x0800011b   Thumb Code     0  startup_stm32f10x_md.o(.text)
    USB_HP_CAN1_TX_IRQHandler                0x0800011b   Thumb Code     0  startup_stm32f10x_md.o(.text)
    USB_LP_CAN1_RX0_IRQHandler               0x0800011b   Thumb Code     0  startup_stm32f10x_md.o(.text)
    WWDG_IRQHandler                          0x0800011b   Thumb Code     0  startup_stm32f10x_md.o(.text)
    __aeabi_memcpy                           0x08000125   Thumb Code    36  memcpya.o(.text)
    __aeabi_memcpy4                          0x08000125   Thumb Code     0  memcpya.o(.text)
    __aeabi_memcpy8                          0x08000125   Thumb Code     0  memcpya.o(.text)
    __aeabi_memset                           0x08000149   Thumb Code    14  memseta.o(.text)
    __aeabi_memset4                          0x08000149   Thumb Code     0  memseta.o(.text)
    __aeabi_memset8                          0x08000149   Thumb Code     0  memseta.o(.text)
    __aeabi_memclr                           0x08000157   Thumb Code     4  memseta.o(.text)
    __aeabi_memclr4                          0x08000157   Thumb Code     0  memseta.o(.text)
    __aeabi_memclr8                          0x08000157   Thumb Code     0  memseta.o(.text)
    _memset$wrapper                          0x0800015b   Thumb Code    18  memseta.o(.text)
    __aeabi_fadd                             0x0800016d   Thumb Code   164  fadd.o(.text)
    __aeabi_fsub                             0x08000211   Thumb Code     6  fadd.o(.text)
    __aeabi_frsub                            0x08000217   Thumb Code     6  fadd.o(.text)
    __aeabi_fmul                             0x0800021d   Thumb Code   100  fmul.o(.text)
    __aeabi_fdiv                             0x08000281   Thumb Code   124  fdiv.o(.text)
    __aeabi_dadd                             0x080002fd   Thumb Code   322  dadd.o(.text)
    __aeabi_dsub                             0x0800043f   Thumb Code     6  dadd.o(.text)
    __aeabi_drsub                            0x08000445   Thumb Code     6  dadd.o(.text)
    __aeabi_dmul                             0x0800044b   Thumb Code   228  dmul.o(.text)
    __aeabi_ddiv                             0x0800052f   Thumb Code   222  ddiv.o(.text)
    __aeabi_i2f                              0x0800060d   Thumb Code    18  fflti.o(.text)
    __aeabi_ui2f                             0x0800061f   Thumb Code    10  ffltui.o(.text)
    __aeabi_i2d                              0x08000629   Thumb Code    34  dflti.o(.text)
    __aeabi_f2iz                             0x0800064b   Thumb Code    50  ffixi.o(.text)
    __aeabi_f2uiz                            0x0800067d   Thumb Code    40  ffixui.o(.text)
    __aeabi_d2iz                             0x080006a5   Thumb Code    62  dfixi.o(.text)
    __aeabi_f2d                              0x080006e3   Thumb Code    38  f2d.o(.text)
    __aeabi_cdcmpeq                          0x08000709   Thumb Code     0  cdcmple.o(.text)
    __aeabi_cdcmple                          0x08000709   Thumb Code    48  cdcmple.o(.text)
    __aeabi_cdrcmple                         0x08000739   Thumb Code    48  cdrcmple.o(.text)
    __aeabi_d2f                              0x08000769   Thumb Code    56  d2f.o(.text)
    __aeabi_cfcmpeq                          0x080007a1   Thumb Code     0  cfcmple.o(.text)
    __aeabi_cfcmple                          0x080007a1   Thumb Code    20  cfcmple.o(.text)
    __aeabi_cfrcmple                         0x080007b5   Thumb Code    20  cfrcmple.o(.text)
    __aeabi_uidiv                            0x080007c9   Thumb Code     0  uidiv.o(.text)
    __aeabi_uidivmod                         0x080007c9   Thumb Code    44  uidiv.o(.text)
    __aeabi_llsl                             0x080007f5   Thumb Code    30  llshl.o(.text)
    _ll_shift_l                              0x080007f5   Thumb Code     0  llshl.o(.text)
    __aeabi_llsr                             0x08000813   Thumb Code    32  llushr.o(.text)
    _ll_ushift_r                             0x08000813   Thumb Code     0  llushr.o(.text)
    __aeabi_lasr                             0x08000833   Thumb Code    36  llsshr.o(.text)
    _ll_sshift_r                             0x08000833   Thumb Code     0  llsshr.o(.text)
    __I$use$fp                               0x08000857   Thumb Code     0  iusefp.o(.text)
    _float_round                             0x08000857   Thumb Code    18  fepilogue.o(.text)
    _float_epilogue                          0x08000869   Thumb Code    92  fepilogue.o(.text)
    __ARM_scalbnf                            0x080008c5   Thumb Code    24  fscalb.o(.text)
    scalbnf                                  0x080008c5   Thumb Code     0  fscalb.o(.text)
    _double_round                            0x080008dd   Thumb Code    30  depilogue.o(.text)
    _double_epilogue                         0x080008fb   Thumb Code   156  depilogue.o(.text)
    __ARM_scalbn                             0x08000997   Thumb Code    46  dscalb.o(.text)
    scalbn                                   0x08000997   Thumb Code     0  dscalb.o(.text)
    _drnd                                    0x080009c5   Thumb Code   132  drnd.o(.text)
    __scatterload                            0x08000a4d   Thumb Code    28  init.o(.text)
    __scatterload_rt2                        0x08000a4d   Thumb Code     0  init.o(.text)
    _dsqrt                                   0x08000a71   Thumb Code   162  dsqrt.o(.text)
    __aeabi_ui2d                             0x08000b13   Thumb Code    26  dfltui.o(.text)
    __decompress                             0x08000b2d   Thumb Code     0  __dczerorl2.o(.text)
    __decompress1                            0x08000b2d   Thumb Code    86  __dczerorl2.o(.text)
    ADC1_Init                                0x08000bb5   Thumb Code    12  adc.o(i.ADC1_Init)
    ADC_Cmd                                  0x08000cbd   Thumb Code    22  stm32f10x_adc.o(i.ADC_Cmd)
    ADC_DMACmd                               0x08000cd3   Thumb Code    22  stm32f10x_adc.o(i.ADC_DMACmd)
    ADC_DeInit                               0x08000ce9   Thumb Code    78  stm32f10x_adc.o(i.ADC_DeInit)
    ADC_GetCalibrationStatus                 0x08000d45   Thumb Code    20  stm32f10x_adc.o(i.ADC_GetCalibrationStatus)
    ADC_GetResetCalibrationStatus            0x08000d59   Thumb Code    20  stm32f10x_adc.o(i.ADC_GetResetCalibrationStatus)
    ADC_Init                                 0x08000d6d   Thumb Code    70  stm32f10x_adc.o(i.ADC_Init)
    ADC_RegularChannelConfig                 0x08000dbd   Thumb Code   184  stm32f10x_adc.o(i.ADC_RegularChannelConfig)
    ADC_ResetCalibration                     0x08000e75   Thumb Code    10  stm32f10x_adc.o(i.ADC_ResetCalibration)
    ADC_SoftwareStartConvCmd                 0x08000e7f   Thumb Code    22  stm32f10x_adc.o(i.ADC_SoftwareStartConvCmd)
    ADC_StartCalibration                     0x08000e95   Thumb Code    10  stm32f10x_adc.o(i.ADC_StartCalibration)
    ADC_TempSensorVrefintCmd                 0x08000ea1   Thumb Code    30  stm32f10x_adc.o(i.ADC_TempSensorVrefintCmd)
    ALL_Init                                 0x08000ec5   Thumb Code   194  init.o(i.ALL_Init)
    ANO_DT_Data_Exchange                     0x08000fa5   Thumb Code  1888  ano_data_transfer.o(i.ANO_DT_Data_Exchange)
    ANO_DT_Data_Receive_Anl                  0x08001765   Thumb Code   564  ano_dt.o(i.ANO_DT_Data_Receive_Anl)
    ANO_DT_Data_Receive_Prepare              0x080019c1   Thumb Code   216  ano_dt.o(i.ANO_DT_Data_Receive_Prepare)
    ANO_DT_Send_Data                         0x08001b2d   Thumb Code    16  ano_data_transfer.o(i.ANO_DT_Send_Data)
    ANO_DT_Send_PID                          0x08001b3d   Thumb Code   382  ano_data_transfer.o(i.ANO_DT_Send_PID)
    ANO_DT_Send_Power                        0x08001cc1   Thumb Code   252  ano_data_transfer.o(i.ANO_DT_Send_Power)
    ANO_DT_Send_RCData                       0x08001dc1   Thumb Code   350  ano_data_transfer.o(i.ANO_DT_Send_RCData)
    ANO_DT_Send_Senser                       0x08001f25   Thumb Code   406  ano_data_transfer.o(i.ANO_DT_Send_Senser)
    ANO_DT_Send_Senser2                      0x080020c1   Thumb Code   182  ano_data_transfer.o(i.ANO_DT_Send_Senser2)
    ANO_DT_Send_Status                       0x0800217d   Thumb Code   362  ano_data_transfer.o(i.ANO_DT_Send_Status)
    ANO_DT_Send_UserData_Frm1                0x080022fd   Thumb Code   182  ano_data_transfer.o(i.ANO_DT_Send_UserData_Frm1)
    ANO_DT_Send_debug                        0x080023b9   Thumb Code   294  ano_data_transfer.o(i.ANO_DT_Send_debug)
    ANO_DT_Send_speed                        0x080024e5   Thumb Code   312  ano_data_transfer.o(i.ANO_DT_Send_speed)
    ANO_NRF_Check_Event                      0x08002621   Thumb Code    86  nrf24l01.o(i.ANO_NRF_Check_Event)
    ANO_NRF_Init                             0x08002681   Thumb Code   240  nrf24l01.o(i.ANO_NRF_Init)
    ANO_NRF_TxPacket_AP                      0x0800277d   Thumb Code    36  nrf24l01.o(i.ANO_NRF_TxPacket_AP)
    ANO_Uart1_Init                           0x080027a5   Thumb Code   204  uart1.o(i.ANO_Uart1_Init)
    ANO_Uart1_Put_Char                       0x08002879   Thumb Code    34  uart1.o(i.ANO_Uart1_Put_Char)
    ANO_Uart1_Put_String                     0x080028a9   Thumb Code    46  uart1.o(i.ANO_Uart1_Put_String)
    ANTO_polling                             0x08002cb5   Thumb Code   568  ano_dt.o(i.ANTO_polling)
    BusFault_Handler                         0x08002f39   Thumb Code     4  stm32f10x_it.o(i.BusFault_Handler)
    CascadePID                               0x08002f3d   Thumb Code    30  pid.o(i.CascadePID)
    CloseLED                                 0x08002f5d   Thumb Code    40  led.o(i.CloseLED)
    DMA_Cmd                                  0x08002f8d   Thumb Code    24  stm32f10x_dma.o(i.DMA_Cmd)
    DMA_DeInit                               0x08002fa5   Thumb Code   324  stm32f10x_dma.o(i.DMA_DeInit)
    DMA_Init                                 0x080030f1   Thumb Code    60  stm32f10x_dma.o(i.DMA_Init)
    DebugMon_Handler                         0x0800312d   Thumb Code     2  stm32f10x_it.o(i.DebugMon_Handler)
    Drv_Spl0601_Read                         0x08003131   Thumb Code   132  spl06.o(i.Drv_Spl0601_Read)
    Duty_1000ms                              0x080031d9   Thumb Code   142  scheduler.o(i.Duty_1000ms)
    Duty_10ms                                0x0800329d   Thumb Code    56  scheduler.o(i.Duty_10ms)
    Duty_20ms                                0x080032e1   Thumb Code    34  scheduler.o(i.Duty_20ms)
    Duty_2ms                                 0x08003309   Thumb Code    44  scheduler.o(i.Duty_2ms)
    Duty_4ms                                 0x0800333d   Thumb Code    44  scheduler.o(i.Duty_4ms)
    Duty_50ms                                0x08003371   Thumb Code    38  scheduler.o(i.Duty_50ms)
    Duty_6ms                                 0x0800339d   Thumb Code    36  scheduler.o(i.Duty_6ms)
    FLASH_ClearFlag                          0x080033d1   Thumb Code     6  stm32f10x_flash.o(i.FLASH_ClearFlag)
    FLASH_ErasePage                          0x080033dd   Thumb Code    72  stm32f10x_flash.o(i.FLASH_ErasePage)
    FLASH_GetBank1Status                     0x08003429   Thumb Code    48  stm32f10x_flash.o(i.FLASH_GetBank1Status)
    FLASH_Lock                               0x0800345d   Thumb Code    14  stm32f10x_flash.o(i.FLASH_Lock)
    FLASH_ProgramHalfWord                    0x08003471   Thumb Code    60  stm32f10x_flash.o(i.FLASH_ProgramHalfWord)
    FLASH_Unlock                             0x080034b1   Thumb Code    12  stm32f10x_flash.o(i.FLASH_Unlock)
    FLASH_WaitForLastOperation               0x080034c9   Thumb Code    38  stm32f10x_flash.o(i.FLASH_WaitForLastOperation)
    FLASH_read                               0x080034f1   Thumb Code    40  flash.o(i.FLASH_read)
    FLASH_write                              0x08003521   Thumb Code    94  flash.o(i.FLASH_write)
    Flag_Check                               0x0800358d   Thumb Code   208  ano_data_transfer.o(i.Flag_Check)
    FlightPidControl                         0x08003685   Thumb Code   272  control.o(i.FlightPidControl)
    Flow_Pos_Controler                       0x080037c5   Thumb Code   854  control.o(i.Flow_Pos_Controler)
    Flow_Receive1                            0x08003b7d   Thumb Code   624  flow.o(i.Flow_Receive1)
    Flow_mode_two                            0x08003e25   Thumb Code   550  control.o(i.Flow_mode_two)
    GPIO_Init                                0x08004099   Thumb Code   278  stm32f10x_gpio.o(i.GPIO_Init)
    GPIO_PinRemapConfig                      0x080041b1   Thumb Code   138  stm32f10x_gpio.o(i.GPIO_PinRemapConfig)
    GPIO_SetBits                             0x08004241   Thumb Code     4  stm32f10x_gpio.o(i.GPIO_SetBits)
    GetAccz                                  0x08004245   Thumb Code     6  imu.o(i.GetAccz)
    GetAngle                                 0x08004251   Thumb Code  2268  imu.o(i.GetAngle)
    GetLockCode                              0x08004b35   Thumb Code    10  init.o(i.GetLockCode)
    GetSysTime_us                            0x08004b49   Thumb Code    58  delay.o(i.GetSysTime_us)
    HardFault_Handler                        0x08004b8d   Thumb Code     4  stm32f10x_it.o(i.HardFault_Handler)
    HeightPidControl                         0x08004b91   Thumb Code  3554  control.o(i.HeightPidControl)
    Height_Get                               0x0800598d   Thumb Code   582  spl06.o(i.Height_Get)
    High_Data_Calc                           0x08005c11   Thumb Code   208  spl06.o(i.High_Data_Calc)
    High_Data_Reset                          0x08005d25   Thumb Code    16  spl06.o(i.High_Data_Reset)
    IIC_Init                                 0x08006239   Thumb Code    38  iic_software.o(i.IIC_Init)
    IIC_Read_1Byte                           0x08006265   Thumb Code    82  iic_software.o(i.IIC_Read_1Byte)
    IIC_Read_One_Byte                        0x080062b7   Thumb Code   100  iic_software.o(i.IIC_Read_One_Byte)
    IIC_Write_One_Byte                       0x0800631b   Thumb Code    68  iic_software.o(i.IIC_Write_One_Byte)
    IIC_read_Bytes                           0x0800635f   Thumb Code   128  iic_software.o(i.IIC_read_Bytes)
    IWDG_Enable                              0x080063e1   Thumb Code    10  stm32f10x_iwdg.o(i.IWDG_Enable)
    IWDG_Feed                                0x080063f1   Thumb Code     8  main.o(i.IWDG_Feed)
    IWDG_Init                                0x080063f9   Thumb Code    36  main.o(i.IWDG_Init)
    IWDG_ReloadCounter                       0x0800641d   Thumb Code    10  stm32f10x_iwdg.o(i.IWDG_ReloadCounter)
    IWDG_SetPrescaler                        0x0800642d   Thumb Code     6  stm32f10x_iwdg.o(i.IWDG_SetPrescaler)
    IWDG_SetReload                           0x08006439   Thumb Code     6  stm32f10x_iwdg.o(i.IWDG_SetReload)
    IWDG_WriteAccessCmd                      0x08006445   Thumb Code     6  stm32f10x_iwdg.o(i.IWDG_WriteAccessCmd)
    LEDInit                                  0x08006451   Thumb Code    48  led.o(i.LEDInit)
    Loop_check                               0x08006489   Thumb Code   102  scheduler.o(i.Loop_check)
    MemManage_Handler                        0x080064f5   Thumb Code     4  stm32f10x_it.o(i.MemManage_Handler)
    Mode_Controler                           0x080064f9   Thumb Code  2320  control.o(i.Mode_Controler)
    MotorControl                             0x08006e21   Thumb Code  1960  control.o(i.MotorControl)
    Moving_Average                           0x080075f1   Thumb Code   156  filter.o(i.Moving_Average)
    MpuGetData                               0x08007695   Thumb Code   980  mpu6050.o(i.MpuGetData)
    MpuGetOffset                             0x08007a99   Thumb Code   284  mpu6050.o(i.MpuGetOffset)
    MpuGetOffset_save                        0x08007bc1   Thumb Code    22  mpu6050.o(i.MpuGetOffset_save)
    MpuInit                                  0x08007bdd   Thumb Code   842  mpu6050.o(i.MpuInit)
    NMI_Handler                              0x08007f3d   Thumb Code     2  stm32f10x_it.o(i.NMI_Handler)
    NRF24L01_Check                           0x08007f41   Thumb Code    68  nrf24l01.o(i.NRF24L01_Check)
    NRF24L01_Configuration                   0x08007f8d   Thumb Code   134  nrf24l01.o(i.NRF24L01_Configuration)
    NRF24L01_Read_Buf                        0x0800801d   Thumb Code    62  nrf24l01.o(i.NRF24L01_Read_Buf)
    NRF24L01_Read_Reg                        0x08008061   Thumb Code    40  nrf24l01.o(i.NRF24L01_Read_Reg)
    NRF24L01_Write_Buf                       0x0800808d   Thumb Code    62  nrf24l01.o(i.NRF24L01_Write_Buf)
    NRF24L01_Write_Reg                       0x080080d1   Thumb Code    42  nrf24l01.o(i.NRF24L01_Write_Reg)
    NRF24L01_init                            0x08008101   Thumb Code   106  nrf24l01.o(i.NRF24L01_init)
    NRF_Connect                              0x08008185   Thumb Code   126  nrf24l01.o(i.NRF_Connect)
    NVIC_Init                                0x08008221   Thumb Code   100  misc.o(i.NVIC_Init)
    NVIC_PriorityGroupConfig                 0x08008291   Thumb Code    10  misc.o(i.NVIC_PriorityGroupConfig)
    PendSV_Handler                           0x080082a5   Thumb Code     2  stm32f10x_it.o(i.PendSV_Handler)
    PilotLED                                 0x080082a9   Thumb Code   618  led.o(i.PilotLED)
    Pixel_Flow_Fix                           0x0800852d   Thumb Code   748  flow.o(i.Pixel_Flow_Fix)
    Pixel_Flow_set_zero                      0x08008855   Thumb Code   332  flow.o(i.Pixel_Flow_set_zero)
    Q_rsqrt                                  0x080089b9   Thumb Code    74  mymath.o(i.Q_rsqrt)
    RCC_ADCCLKConfig                         0x08008a09   Thumb Code    18  stm32f10x_rcc.o(i.RCC_ADCCLKConfig)
    RCC_AHBPeriphClockCmd                    0x08008a21   Thumb Code    26  stm32f10x_rcc.o(i.RCC_AHBPeriphClockCmd)
    RCC_APB1PeriphClockCmd                   0x08008a41   Thumb Code    26  stm32f10x_rcc.o(i.RCC_APB1PeriphClockCmd)
    RCC_APB2PeriphClockCmd                   0x08008a61   Thumb Code    26  stm32f10x_rcc.o(i.RCC_APB2PeriphClockCmd)
    RCC_APB2PeriphResetCmd                   0x08008a81   Thumb Code    26  stm32f10x_rcc.o(i.RCC_APB2PeriphResetCmd)
    RCC_GetClocksFreq                        0x08008aa1   Thumb Code   192  stm32f10x_rcc.o(i.RCC_GetClocksFreq)
    RC_Analy                                 0x08008b75   Thumb Code   196  remote.o(i.RC_Analy)
    Rc_Connect                               0x08008c59   Thumb Code    14  remote.o(i.Rc_Connect)
    SPI_Cmd                                  0x08008c67   Thumb Code    24  stm32f10x_spi.o(i.SPI_Cmd)
    SPI_Config                               0x08008c81   Thumb Code   140  spi.o(i.SPI_Config)
    SPI_I2S_GetFlagStatus                    0x08008d15   Thumb Code    18  stm32f10x_spi.o(i.SPI_I2S_GetFlagStatus)
    SPI_I2S_ReceiveData                      0x08008d27   Thumb Code     6  stm32f10x_spi.o(i.SPI_I2S_ReceiveData)
    SPI_I2S_SendData                         0x08008d2d   Thumb Code     4  stm32f10x_spi.o(i.SPI_I2S_SendData)
    SPI_Init                                 0x08008d31   Thumb Code    60  stm32f10x_spi.o(i.SPI_Init)
    SPI_RW                                   0x08008d6d   Thumb Code    50  spi.o(i.SPI_RW)
    SVC_Handler                              0x08008da5   Thumb Code     2  stm32f10x_it.o(i.SVC_Handler)
    SysTick_Handler                          0x08008e91   Thumb Code     8  stm32f10x_it.o(i.SysTick_Handler)
    SysTick_IRQ                              0x08008e99   Thumb Code    60  delay.o(i.SysTick_IRQ)
    SystemInit                               0x08008ee1   Thumb Code    78  system_stm32f10x.o(i.SystemInit)
    TIM2_PWM_Config                          0x08008f41   Thumb Code   218  tim.o(i.TIM2_PWM_Config)
    TIM3_PWM_Config                          0x08009025   Thumb Code   226  tim.o(i.TIM3_PWM_Config)
    TIM_ARRPreloadConfig                     0x08009119   Thumb Code    24  stm32f10x_tim.o(i.TIM_ARRPreloadConfig)
    TIM_Cmd                                  0x08009131   Thumb Code    24  stm32f10x_tim.o(i.TIM_Cmd)
    TIM_ITConfig                             0x08009149   Thumb Code    18  stm32f10x_tim.o(i.TIM_ITConfig)
    TIM_OC1Init                              0x0800915d   Thumb Code   132  stm32f10x_tim.o(i.TIM_OC1Init)
    TIM_OC1PreloadConfig                     0x080091f5   Thumb Code    18  stm32f10x_tim.o(i.TIM_OC1PreloadConfig)
    TIM_OC2Init                              0x08009209   Thumb Code   154  stm32f10x_tim.o(i.TIM_OC2Init)
    TIM_OC2PreloadConfig                     0x080092ad   Thumb Code    26  stm32f10x_tim.o(i.TIM_OC2PreloadConfig)
    TIM_OC3Init                              0x080092c9   Thumb Code   150  stm32f10x_tim.o(i.TIM_OC3Init)
    TIM_OC3PreloadConfig                     0x08009369   Thumb Code    18  stm32f10x_tim.o(i.TIM_OC3PreloadConfig)
    TIM_OC4Init                              0x0800937d   Thumb Code   114  stm32f10x_tim.o(i.TIM_OC4Init)
    TIM_OC4PreloadConfig                     0x080093f9   Thumb Code    26  stm32f10x_tim.o(i.TIM_OC4PreloadConfig)
    TIM_TimeBaseInit                         0x08009415   Thumb Code   122  stm32f10x_tim.o(i.TIM_TimeBaseInit)
    USART1_IRQHandler                        0x080094b9   Thumb Code   118  uart1.o(i.USART1_IRQHandler)
    USART2_IRQHandler                        0x08009541   Thumb Code   114  usart2.o(i.USART2_IRQHandler)
    USART3_Config                            0x080095c5   Thumb Code   196  usart3.o(i.USART3_Config)
    USART3_IRQHandler                        0x08009691   Thumb Code   102  ano_dt.o(i.USART3_IRQHandler)
    USART3_SendByte                          0x08009709   Thumb Code    44  usart3.o(i.USART3_SendByte)
    USART_ClockInit                          0x08009739   Thumb Code    34  stm32f10x_usart.o(i.USART_ClockInit)
    USART_Cmd                                0x0800975b   Thumb Code    24  stm32f10x_usart.o(i.USART_Cmd)
    USART_GetFlagStatus                      0x08009773   Thumb Code    26  stm32f10x_usart.o(i.USART_GetFlagStatus)
    USART_ITConfig                           0x0800978d   Thumb Code    74  stm32f10x_usart.o(i.USART_ITConfig)
    USART_Init                               0x080097d9   Thumb Code   210  stm32f10x_usart.o(i.USART_Init)
    USART_ReceiveData                        0x080098b1   Thumb Code    10  stm32f10x_usart.o(i.USART_ReceiveData)
    USART_SendData                           0x080098bb   Thumb Code     8  stm32f10x_usart.o(i.USART_SendData)
    UsageFault_Handler                       0x080098c3   Thumb Code     4  stm32f10x_it.o(i.UsageFault_Handler)
    Voltage_Check                            0x080098c9   Thumb Code   246  adc.o(i.Voltage_Check)
    WIFI_UFO_Connect                         0x080099e1   Thumb Code    70  wifi_ufo.o(i.WIFI_UFO_Connect)
    WIFI_UFO_Data_Receive_Anl                0x08009a39   Thumb Code   182  wifi_ufo.o(i.WIFI_UFO_Data_Receive_Anl)
    __0printf$1                              0x08009b31   Thumb Code    22  printf1.o(i.__0printf$1)
    __1printf$1                              0x08009b31   Thumb Code     0  printf1.o(i.__0printf$1)
    __2printf                                0x08009b31   Thumb Code     0  printf1.o(i.__0printf$1)
    __ARM_fpclassify                         0x08009b51   Thumb Code    40  fpclassify.o(i.__ARM_fpclassify)
    __ARM_fpclassifyf                        0x08009b79   Thumb Code    38  fpclassifyf.o(i.__ARM_fpclassifyf)
    __ieee754_rem_pio2                       0x08009ba1   Thumb Code   828  rred.o(i.__ieee754_rem_pio2)
    __kernel_cos                             0x08009f29   Thumb Code   230  cos_i.o(i.__kernel_cos)
    __kernel_poly                            0x0800a025   Thumb Code   170  poly.o(i.__kernel_poly)
    __kernel_sin                             0x0800a0d1   Thumb Code   224  sin_i.o(i.__kernel_sin)
    __kernel_tan                             0x0800a1bd   Thumb Code   586  tan_i.o(i.__kernel_tan)
    __mathlib_dbl_infnan                     0x0800a439   Thumb Code     6  dunder.o(i.__mathlib_dbl_infnan)
    __mathlib_dbl_invalid                    0x0800a43f   Thumb Code    12  dunder.o(i.__mathlib_dbl_invalid)
    __mathlib_dbl_underflow                  0x0800a44d   Thumb Code    10  dunder.o(i.__mathlib_dbl_underflow)
    __mathlib_flt_infnan2                    0x0800a45d   Thumb Code     4  funder.o(i.__mathlib_flt_infnan2)
    __mathlib_flt_underflow                  0x0800a461   Thumb Code    10  funder.o(i.__mathlib_flt_underflow)
    __scatterload_copy                       0x0800a46b   Thumb Code    14  handlers.o(i.__scatterload_copy)
    __scatterload_null                       0x0800a479   Thumb Code     2  handlers.o(i.__scatterload_null)
    __scatterload_zeroinit                   0x0800a47b   Thumb Code    14  handlers.o(i.__scatterload_zeroinit)
    __set_errno                              0x0800a489   Thumb Code     6  errno.o(i.__set_errno)
    asin                                     0x0800a5e9   Thumb Code   572  asin.o(i.asin)
    atan2f                                   0x0800a859   Thumb Code   528  atan2f.o(i.atan2f)
    cos                                      0x0800aab5   Thumb Code   148  cos.o(i.cos)
    cycleCounterInit                         0x0800ab51   Thumb Code    26  delay.o(i.cycleCounterInit)
    delay_ms                                 0x0800ab75   Thumb Code    44  delay.o(i.delay_ms)
    fix_inte_filter                          0x0800aba5   Thumb Code   108  spl06.o(i.fix_inte_filter)
    flow_pid_param_default                   0x0800ac11   Thumb Code    78  init.o(i.flow_pid_param_default)
    flow_pid_param_move                      0x0800ac81   Thumb Code    78  init.o(i.flow_pid_param_move)
    fputc                                    0x0800acf1   Thumb Code    32  uart1.o(i.fputc)
    kalman_1                                 0x0800ad15   Thumb Code    88  kalman.o(i.kalman_1)
    main                                     0x0800ad6d   Thumb Code   118  main.o(i.main)
    main_loop                                0x0800adf1   Thumb Code   160  scheduler.o(i.main_loop)
    motor_test                               0x0800ae95   Thumb Code   386  remote.o(i.motor_test)
    mpu_adjust                               0x0800b029   Thumb Code   154  remote.o(i.mpu_adjust)
    pidRest                                  0x0800b0d1   Thumb Code    44  pid.o(i.pidRest)
    pidUpdate                                0x0800b0fd   Thumb Code   106  pid.o(i.pidUpdate)
    pid_param_Init                           0x0800b169   Thumb Code   146  init.o(i.pid_param_Init)
    remote_unlock                            0x0800b245   Thumb Code   716  remote.o(i.remote_unlock)
    round                                    0x0800b565   Thumb Code   136  round.o(i.round)
    sin                                      0x0800b5f9   Thumb Code   150  sin.o(i.sin)
    spl0601_get_calib_param                  0x0800b699   Thumb Code   476  spl06.o(i.spl0601_get_calib_param)
    spl0601_get_pressure1                    0x0800b87d   Thumb Code   276  spl06.o(i.spl0601_get_pressure1)
    spl0601_get_raw_pressure                 0x0800b995   Thumb Code   102  spl06.o(i.spl0601_get_raw_pressure)
    spl0601_get_raw_temp                     0x0800ba01   Thumb Code   106  spl06.o(i.spl0601_get_raw_temp)
    spl0601_get_temperature                  0x0800ba71   Thumb Code   112  spl06.o(i.spl0601_get_temperature)
    spl0601_init                             0x0800bae9   Thumb Code    78  spl06.o(i.spl0601_init)
    spl0601_rateset                          0x0800bb41   Thumb Code   318  spl06.o(i.spl0601_rateset)
    spl0601_read                             0x0800bc85   Thumb Code    22  spl06.o(i.spl0601_read)
    spl0601_start_continuous                 0x0800bc9b   Thumb Code    18  spl06.o(i.spl0601_start_continuous)
    spl0601_write                            0x0800bcad   Thumb Code    20  spl06.o(i.spl0601_write)
    sqrt                                     0x0800bcc1   Thumb Code    76  sqrt.o(i.sqrt)
    tan                                      0x0800bd0d   Thumb Code    90  tan.o(i.tan)
    TX_ADDRESS                               0x0800bd70   Data           5  nrf24l01.o(.constdata)
    RX_ADDRESS                               0x0800bd75   Data           5  nrf24l01.o(.constdata)
    M_PI                                     0x0800bd7c   Data           4  mymath.o(.constdata)
    RtA                                      0x0800bd80   Data           4  mymath.o(.constdata)
    AtR                                      0x0800bd84   Data           4  mymath.o(.constdata)
    Gyro_G                                   0x0800bd88   Data           4  mymath.o(.constdata)
    Gyro_Gr                                  0x0800bd8c   Data           4  mymath.o(.constdata)
    PI_2                                     0x0800bd90   Data           4  mymath.o(.constdata)
    Region$$Table$$Base                      0x0800bf68   Number         0  anon$$obj.o(Region$$Table)
    Region$$Table$$Limit                     0x0800bf88   Number         0  anon$$obj.o(Region$$Table)
    SystemCoreClock                          0x20000000   Data           4  system_stm32f10x.o(.data)
    AHBPrescTable                            0x20000004   Data          16  system_stm32f10x.o(.data)
    SysTick_count22                          0x20000018   Data           4  delay.o(.data)
    sys_init_ok                              0x2000001c   Data           1  delay.o(.data)
    time_sum                                 0x20000024   Data           4  scheduler.o(.data)
    SysTick_count                            0x2000002c   Data           4  init.o(.data)
    spl_flag                                 0x20000030   Data           1  init.o(.data)
    AK8975                                   0x20000032   Data           6  init.o(.data)
    ST_CpuID                                 0x20000038   Data           4  init.o(.data)
    Command                                  0x2000003c   Data           3  init.o(.data)
    count1                                   0x2000003f   Data           1  init.o(.data)
    flow_pid_param_type                      0x20000040   Data           1  init.o(.data)
    ADC_ConvertedValue                       0x2000005c   Data           4  adc.o(.data)
    voltage                                  0x20000060   Data           2  adc.o(.data)
    TxCounter                                0x2000006c   Data           1  uart1.o(.data)
    count                                    0x2000006d   Data           1  uart1.o(.data)
    com_data                                 0x2000006e   Data           1  uart1.o(.data)
    TxCounter2                               0x20000074   Data           1  usart2.o(.data)
    count2                                   0x20000075   Data           1  usart2.o(.data)
    EraseCounter                             0x20000078   Data           4  flash.o(.data)
    Address                                  0x2000007c   Data           4  flash.o(.data)
    First_Page                               0x20000080   Data           4  flash.o(.data)
    FLASHStatus                              0x20000084   Data           1  flash.o(.data)
    MemoryProgramStatus                      0x20000085   Data           1  flash.o(.data)
    LED                                      0x2000008c   Data           6  led.o(.data)
    LED_warn                                 0x20000092   Data           1  led.o(.data)
    falg_Time                                0x20000094   Data           2  led.o(.data)
    MPU_Err                                  0x200000a4   Data           1  nrf24l01.o(.data)
    NRF_Err                                  0x200000a5   Data           1  nrf24l01.o(.data)
    SPL_Err                                  0x200000a6   Data           1  nrf24l01.o(.data)
    NRF_SSI                                  0x200000a7   Data           1  nrf24l01.o(.data)
    NRF_SSI_CNT                              0x200000a8   Data           1  nrf24l01.o(.data)
    Nrf_Erro                                 0x200000aa   Data           2  nrf24l01.o(.data)
    _CH                                      0x200000ac   Data           1  nrf24l01.o(.data)
    product_id                               0x200000b8   Data           1  mpu6050.o(.data)
    sensor_type                              0x200000b9   Data           1  mpu6050.o(.data)
    MPU_empty_cnt                            0x200000ba   Data           1  mpu6050.o(.data)
    MPU_empty_cnt_all                        0x200000bb   Data           1  mpu6050.o(.data)
    ult_err                                  0x20000108   Data           1  spl06.o(.data)
    ult_ok                                   0x20000109   Data           1  spl06.o(.data)
    Locat_SSI                                0x2000010a   Data           1  spl06.o(.data)
    Locat_SSI_CNT                            0x2000010b   Data           1  spl06.o(.data)
    Locat_Err                                0x2000010c   Data           1  spl06.o(.data)
    Locat_Mode                               0x2000010d   Data           1  spl06.o(.data)
    Flow_SSI                                 0x2000010e   Data           1  spl06.o(.data)
    Flow_SSI_CNT                             0x2000010f   Data           1  spl06.o(.data)
    Flow_Err                                 0x20000110   Data           1  spl06.o(.data)
    alt_3                                    0x20000114   Data           4  spl06.o(.data)
    height                                   0x20000118   Data           4  spl06.o(.data)
    temperature                              0x2000011c   Data           4  spl06.o(.data)
    baro_pressure                            0x20000120   Data           4  spl06.o(.data)
    baro_height                              0x20000124   Data           4  spl06.o(.data)
    baro_height_old                          0x20000128   Data           4  spl06.o(.data)
    baro_Offset                              0x2000012c   Data           4  spl06.o(.data)
    baro_speed_o                             0x20000130   Data           4  spl06.o(.data)
    baro_speed                               0x20000134   Data           4  spl06.o(.data)
    speed_av                                 0x20000138   Data           4  spl06.o(.data)
    speed_av_cnt                             0x2000013c   Data           2  spl06.o(.data)
    speed_delta                              0x20000140   Data           4  spl06.o(.data)
    speed_delta_lpf                          0x20000144   Data           4  spl06.o(.data)
    baro_start                               0x20000148   Data           1  spl06.o(.data)
    wcz_ref_h                                0x2000014c   Data           4  spl06.o(.data)
    wcz_ref_hs                               0x20000150   Data           4  spl06.o(.data)
    wcz_ref_x                                0x20000154   Data           4  spl06.o(.data)
    wcz_ref_xs                               0x20000158   Data           4  spl06.o(.data)
    wcz_ref_y                                0x2000015c   Data           4  spl06.o(.data)
    wcz_ref_ys                               0x20000160   Data           4  spl06.o(.data)
    high_calc_en                             0x20000164   Data           1  spl06.o(.data)
    pixel_cpi                                0x200001b8   Data           4  flow.o(.data)
    cpi                                      0x200001bc   Data           4  flow.o(.data)
    flag                                     0x200001cc   Data           6  ano_dt.o(.data)
    TxCounter3                               0x200001da   Data           1  ano_dt.o(.data)
    count3                                   0x200001db   Data           1  ano_dt.o(.data)
    test_flag                                0x200001e4   Data           2  remote.o(.data)
    set_flag                                 0x200001e6   Data           2  remote.o(.data)
    Throttle_out                             0x200001f8   Data           4  control.o(.data)
    pPidObject                               0x200001fc   Data          48  control.o(.data)
    HIGH_START                               0x2000022c   Data           2  control.o(.data)
    Control_high                             0x20000230   Data           4  control.o(.data)
    Control_high_type                        0x20000234   Data           1  control.o(.data)
    thr_isChange                             0x20000235   Data           1  control.o(.data)
    thr_raw_adds                             0x20000236   Data           2  control.o(.data)
    voltage_static                           0x20000238   Data           4  control.o(.data)
    thr_adjust                               0x2000023c   Data           4  control.o(.data)
    thr_hight_modify                         0x20000240   Data           4  control.o(.data)
    thr_base_add                             0x20000244   Data           4  control.o(.data)
    hight_mode                               0x20000248   Data           1  control.o(.data)
    hight_modify                             0x20000249   Data           1  control.o(.data)
    modify_thr_adjust                        0x2000024a   Data           1  control.o(.data)
    altHold_Pos_cnt                          0x2000024c   Data           2  control.o(.data)
    altHold_Pos_Save                         0x2000024e   Data           1  control.o(.data)
    motor                                    0x20000250   Data           8  control.o(.data)
    WIFI_UFO_Err                             0x2000028c   Data           2  wifi_ufo.o(.data)
    WIFI_SSI                                 0x2000028e   Data           1  wifi_ufo.o(.data)
    WIFI_SSI_CNT                             0x2000028f   Data           1  wifi_ufo.o(.data)
    cnt                                      0x2000029c   Data           1  ano_data_transfer.o(.data)
    yaw_lock                                 0x2000029d   Data           1  ano_data_transfer.o(.data)
    Send_Check                               0x2000029e   Data           1  ano_data_transfer.o(.data)
    NormAccz                                 0x200002a0   Data           4  imu.o(.data)
    __stdout                                 0x200002bc   Data           4  stdout.o(.data)
    loop                                     0x200002f0   Data          18  scheduler.o(.bss)
    time                                     0x20000304   Data          40  scheduler.o(.bss)
    MPU6050                                  0x2000035c   Data          32  init.o(.bss)
    Angle                                    0x2000037c   Data          16  init.o(.bss)
    Remote                                   0x2000038c   Data          28  init.o(.bss)
    Aux_Rc                                   0x200003a8   Data          64  init.o(.bss)
    ALL_flag                                 0x200003e8   Data          12  init.o(.bss)
    FlightData                               0x200003f4   Data          16  init.o(.bss)
    pidRateX                                 0x20000404   Data         128  init.o(.bss)
    pidRateY                                 0x20000484   Data         128  init.o(.bss)
    pidRateZ                                 0x20000504   Data         128  init.o(.bss)
    pidPitch                                 0x20000584   Data         128  init.o(.bss)
    pidRoll                                  0x20000604   Data         128  init.o(.bss)
    pidYaw                                   0x20000684   Data         128  init.o(.bss)
    pidHeightRate                            0x20000704   Data         128  init.o(.bss)
    pidHeightHigh                            0x20000784   Data         128  init.o(.bss)
    pidHeightThr                             0x20000804   Data         128  init.o(.bss)
    pidOffsetRoll                            0x20000884   Data         128  init.o(.bss)
    Flow_PosPid_x                            0x20000904   Data         128  init.o(.bss)
    Flow_PosPid_y                            0x20000984   Data         128  init.o(.bss)
    Flow_SpeedPid_x                          0x20000a04   Data         128  init.o(.bss)
    Flow_SpeedPid_y                          0x20000a84   Data         128  init.o(.bss)
    IMU                                      0x20000b04   Data          40  init.o(.bss)
    TxBuffer                                 0x20000b58   Data         256  uart1.o(.bss)
    TxBuffer2                                0x20000c84   Data         256  usart2.o(.bss)
    NRF24L01_2_RXDATA                        0x20000db0   Data          32  nrf24l01.o(.bss)
    NRF24L01_2_TXDATA                        0x20000dd0   Data          32  nrf24l01.o(.bss)
    MpuOffset                                0x20000e1c   Data          14  mpu6050.o(.bss)
    speed_av_arr                             0x20000e64   Data          40  spl06.o(.bss)
    wcz_h_fus                                0x20000e8c   Data          24  spl06.o(.bss)
    wcz_hs_fus                               0x20000ea4   Data          24  spl06.o(.bss)
    wcz_x_fus                                0x20000ebc   Data          24  spl06.o(.bss)
    wcz_xs_fus                               0x20000ed4   Data          24  spl06.o(.bss)
    wcz_y_fus                                0x20000eec   Data          24  spl06.o(.bss)
    wcz_ys_fus                               0x20000f04   Data          24  spl06.o(.bss)
    mini                                     0x20000f48   Data          36  flow.o(.bss)
    pixel_flow                               0x20000f6c   Data         116  flow.o(.bss)
    TxBuffer3                                0x20001074   Data         256  ano_dt.o(.bss)
    f                                        0x200011d4   Data          14  ano_data_transfer.o(.bss)
    data_to_send                             0x200011e2   Data          50  ano_data_transfer.o(.bss)
    __initial_sp                             0x20001620   Data           0  startup_stm32f10x_md.o(STACK)



==============================================================================

Memory Map of the image

  Image Entry point : 0x080000ed

  Load Region LR_IROM1 (Base: 0x08000000, Size: 0x0000c24c, Max: 0x00010000, ABSOLUTE, COMPRESSED[0x0000c028])

    Execution Region ER_IROM1 (Base: 0x08000000, Size: 0x0000bf88, Max: 0x00010000, ABSOLUTE)

    Base Addr    Size         Type   Attr      Idx    E Section Name        Object

    0x08000000   0x000000ec   Data   RO          105    RESET               startup_stm32f10x_md.o
    0x080000ec   0x00000000   Code   RO         5205  * .ARM.Collect$$$$00000000  mc_w.l(entry.o)
    0x080000ec   0x00000004   Code   RO         5584    .ARM.Collect$$$$00000001  mc_w.l(entry2.o)
    0x080000f0   0x00000004   Code   RO         5587    .ARM.Collect$$$$00000004  mc_w.l(entry5.o)
    0x080000f4   0x00000000   Code   RO         5589    .ARM.Collect$$$$00000008  mc_w.l(entry7b.o)
    0x080000f4   0x00000000   Code   RO         5591    .ARM.Collect$$$$0000000A  mc_w.l(entry8b.o)
    0x080000f4   0x00000008   Code   RO         5592    .ARM.Collect$$$$0000000B  mc_w.l(entry9a.o)
    0x080000fc   0x00000000   Code   RO         5594    .ARM.Collect$$$$0000000D  mc_w.l(entry10a.o)
    0x080000fc   0x00000000   Code   RO         5596    .ARM.Collect$$$$0000000F  mc_w.l(entry11a.o)
    0x080000fc   0x00000004   Code   RO         5585    .ARM.Collect$$$$00002712  mc_w.l(entry2.o)
    0x08000100   0x00000024   Code   RO          106    .text               startup_stm32f10x_md.o
    0x08000124   0x00000024   Code   RO         5208    .text               mc_w.l(memcpya.o)
    0x08000148   0x00000024   Code   RO         5210    .text               mc_w.l(memseta.o)
    0x0800016c   0x000000b0   Code   RO         5475    .text               mf_w.l(fadd.o)
    0x0800021c   0x00000064   Code   RO         5477    .text               mf_w.l(fmul.o)
    0x08000280   0x0000007c   Code   RO         5479    .text               mf_w.l(fdiv.o)
    0x080002fc   0x0000014e   Code   RO         5481    .text               mf_w.l(dadd.o)
    0x0800044a   0x000000e4   Code   RO         5483    .text               mf_w.l(dmul.o)
    0x0800052e   0x000000de   Code   RO         5485    .text               mf_w.l(ddiv.o)
    0x0800060c   0x00000012   Code   RO         5487    .text               mf_w.l(fflti.o)
    0x0800061e   0x0000000a   Code   RO         5489    .text               mf_w.l(ffltui.o)
    0x08000628   0x00000022   Code   RO         5491    .text               mf_w.l(dflti.o)
    0x0800064a   0x00000032   Code   RO         5493    .text               mf_w.l(ffixi.o)
    0x0800067c   0x00000028   Code   RO         5495    .text               mf_w.l(ffixui.o)
    0x080006a4   0x0000003e   Code   RO         5497    .text               mf_w.l(dfixi.o)
    0x080006e2   0x00000026   Code   RO         5501    .text               mf_w.l(f2d.o)
    0x08000708   0x00000030   Code   RO         5503    .text               mf_w.l(cdcmple.o)
    0x08000738   0x00000030   Code   RO         5505    .text               mf_w.l(cdrcmple.o)
    0x08000768   0x00000038   Code   RO         5507    .text               mf_w.l(d2f.o)
    0x080007a0   0x00000014   Code   RO         5509    .text               mf_w.l(cfcmple.o)
    0x080007b4   0x00000014   Code   RO         5511    .text               mf_w.l(cfrcmple.o)
    0x080007c8   0x0000002c   Code   RO         5599    .text               mc_w.l(uidiv.o)
    0x080007f4   0x0000001e   Code   RO         5603    .text               mc_w.l(llshl.o)
    0x08000812   0x00000020   Code   RO         5605    .text               mc_w.l(llushr.o)
    0x08000832   0x00000024   Code   RO         5607    .text               mc_w.l(llsshr.o)
    0x08000856   0x00000000   Code   RO         5616    .text               mc_w.l(iusefp.o)
    0x08000856   0x0000006e   Code   RO         5617    .text               mf_w.l(fepilogue.o)
    0x080008c4   0x00000018   Code   RO         5619    .text               mf_w.l(fscalb.o)
    0x080008dc   0x000000ba   Code   RO         5621    .text               mf_w.l(depilogue.o)
    0x08000996   0x0000002e   Code   RO         5623    .text               mf_w.l(dscalb.o)
    0x080009c4   0x00000088   Code   RO         5625    .text               mf_w.l(drnd.o)
    0x08000a4c   0x00000024   Code   RO         5629    .text               mc_w.l(init.o)
    0x08000a70   0x000000a2   Code   RO         5633    .text               mf_w.l(dsqrt.o)
    0x08000b12   0x0000001a   Code   RO         5635    .text               mf_w.l(dfltui.o)
    0x08000b2c   0x00000056   Code   RO         5645    .text               mc_w.l(__dczerorl2.o)
    0x08000b82   0x00000002   PAD
    0x08000b84   0x00000030   Code   RO         3647    i.ADC1_GPIO_Config  adc.o
    0x08000bb4   0x0000000c   Code   RO         3648    i.ADC1_Init         adc.o
    0x08000bc0   0x000000fc   Code   RO         3649    i.ADC1_Mode_Config  adc.o
    0x08000cbc   0x00000016   Code   RO          563    i.ADC_Cmd           stm32f10x_adc.o
    0x08000cd2   0x00000016   Code   RO          564    i.ADC_DMACmd        stm32f10x_adc.o
    0x08000ce8   0x0000005c   Code   RO          565    i.ADC_DeInit        stm32f10x_adc.o
    0x08000d44   0x00000014   Code   RO          571    i.ADC_GetCalibrationStatus  stm32f10x_adc.o
    0x08000d58   0x00000014   Code   RO          577    i.ADC_GetResetCalibrationStatus  stm32f10x_adc.o
    0x08000d6c   0x00000050   Code   RO          581    i.ADC_Init          stm32f10x_adc.o
    0x08000dbc   0x000000b8   Code   RO          585    i.ADC_RegularChannelConfig  stm32f10x_adc.o
    0x08000e74   0x0000000a   Code   RO          586    i.ADC_ResetCalibration  stm32f10x_adc.o
    0x08000e7e   0x00000016   Code   RO          588    i.ADC_SoftwareStartConvCmd  stm32f10x_adc.o
    0x08000e94   0x0000000a   Code   RO          590    i.ADC_StartCalibration  stm32f10x_adc.o
    0x08000e9e   0x00000002   PAD
    0x08000ea0   0x00000024   Code   RO          592    i.ADC_TempSensorVrefintCmd  stm32f10x_adc.o
    0x08000ec4   0x000000e0   Code   RO          474    i.ALL_Init          init.o
    0x08000fa4   0x000007c0   Code   RO         4742    i.ANO_DT_Data_Exchange  ano_data_transfer.o
    0x08001764   0x0000025c   Code   RO         4528    i.ANO_DT_Data_Receive_Anl  ano_dt.o
    0x080019c0   0x000000e8   Code   RO         4529    i.ANO_DT_Data_Receive_Prepare  ano_dt.o
    0x08001aa8   0x00000084   Code   RO         4530    i.ANO_DT_Send_Check  ano_dt.o
    0x08001b2c   0x00000010   Code   RO         4743    i.ANO_DT_Send_Data  ano_data_transfer.o
    0x08001b3c   0x00000184   Code   RO         4746    i.ANO_DT_Send_PID   ano_data_transfer.o
    0x08001cc0   0x00000100   Code   RO         4747    i.ANO_DT_Send_Power  ano_data_transfer.o
    0x08001dc0   0x00000164   Code   RO         4748    i.ANO_DT_Send_RCData  ano_data_transfer.o
    0x08001f24   0x0000019c   Code   RO         4749    i.ANO_DT_Send_Senser  ano_data_transfer.o
    0x080020c0   0x000000bc   Code   RO         4750    i.ANO_DT_Send_Senser2  ano_data_transfer.o
    0x0800217c   0x00000180   Code   RO         4752    i.ANO_DT_Send_Status  ano_data_transfer.o
    0x080022fc   0x000000bc   Code   RO         4753    i.ANO_DT_Send_UserData_Frm1  ano_data_transfer.o
    0x080023b8   0x0000012c   Code   RO         4755    i.ANO_DT_Send_debug  ano_data_transfer.o
    0x080024e4   0x0000013c   Code   RO         4756    i.ANO_DT_Send_speed  ano_data_transfer.o
    0x08002620   0x00000060   Code   RO         3890    i.ANO_NRF_Check_Event  nrf24l01.o
    0x08002680   0x000000fc   Code   RO         3891    i.ANO_NRF_Init      nrf24l01.o
    0x0800277c   0x00000028   Code   RO         3892    i.ANO_NRF_TxPacket_AP  nrf24l01.o
    0x080027a4   0x000000d4   Code   RO         3743    i.ANO_Uart1_Init    uart1.o
    0x08002878   0x00000030   Code   RO         3745    i.ANO_Uart1_Put_Char  uart1.o
    0x080028a8   0x0000002e   Code   RO         3746    i.ANO_Uart1_Put_String  uart1.o
    0x080028d6   0x00000002   PAD
    0x080028d8   0x000003dc   Code   RO         4532    i.ANTO_Send         ano_dt.o
    0x08002cb4   0x00000284   Code   RO         4533    i.ANTO_polling      ano_dt.o
    0x08002f38   0x00000004   Code   RO          110    i.BusFault_Handler  stm32f10x_it.o
    0x08002f3c   0x0000001e   Code   RO         5116    i.CascadePID        pid.o
    0x08002f5a   0x00000002   PAD
    0x08002f5c   0x00000030   Code   RO         3859    i.CloseLED          led.o
    0x08002f8c   0x00000018   Code   RO         1263    i.DMA_Cmd           stm32f10x_dma.o
    0x08002fa4   0x0000014c   Code   RO         1264    i.DMA_DeInit        stm32f10x_dma.o
    0x080030f0   0x0000003c   Code   RO         1269    i.DMA_Init          stm32f10x_dma.o
    0x0800312c   0x00000002   Code   RO          111    i.DebugMon_Handler  stm32f10x_it.o
    0x0800312e   0x00000002   PAD
    0x08003130   0x000000a8   Code   RO         4154    i.Drv_Spl0601_Read  spl06.o
    0x080031d8   0x000000c4   Code   RO          398    i.Duty_1000ms       scheduler.o
    0x0800329c   0x00000044   Code   RO          399    i.Duty_10ms         scheduler.o
    0x080032e0   0x00000028   Code   RO          400    i.Duty_20ms         scheduler.o
    0x08003308   0x00000034   Code   RO          401    i.Duty_2ms          scheduler.o
    0x0800333c   0x00000034   Code   RO          402    i.Duty_4ms          scheduler.o
    0x08003370   0x0000002c   Code   RO          403    i.Duty_50ms         scheduler.o
    0x0800339c   0x00000034   Code   RO          404    i.Duty_6ms          scheduler.o
    0x080033d0   0x0000000c   Code   RO         1387    i.FLASH_ClearFlag   stm32f10x_flash.o
    0x080033dc   0x0000004c   Code   RO         1392    i.FLASH_ErasePage   stm32f10x_flash.o
    0x08003428   0x00000034   Code   RO         1393    i.FLASH_GetBank1Status  stm32f10x_flash.o
    0x0800345c   0x00000014   Code   RO         1402    i.FLASH_Lock        stm32f10x_flash.o
    0x08003470   0x00000040   Code   RO         1405    i.FLASH_ProgramHalfWord  stm32f10x_flash.o
    0x080034b0   0x00000018   Code   RO         1410    i.FLASH_Unlock      stm32f10x_flash.o
    0x080034c8   0x00000026   Code   RO         1414    i.FLASH_WaitForLastOperation  stm32f10x_flash.o
    0x080034ee   0x00000002   PAD
    0x080034f0   0x00000030   Code   RO         3835    i.FLASH_read        flash.o
    0x08003520   0x0000006c   Code   RO         3836    i.FLASH_write       flash.o
    0x0800358c   0x000000f8   Code   RO         4757    i.Flag_Check        ano_data_transfer.o
    0x08003684   0x00000140   Code   RO         4646    i.FlightPidControl  control.o
    0x080037c4   0x000003b8   Code   RO         4647    i.Flow_Pos_Controler  control.o
    0x08003b7c   0x000002a8   Code   RO         4287    i.Flow_Receive1     flow.o
    0x08003e24   0x00000274   Code   RO         4648    i.Flow_mode_two     control.o
    0x08004098   0x00000116   Code   RO         1690    i.GPIO_Init         stm32f10x_gpio.o
    0x080041ae   0x00000002   PAD
    0x080041b0   0x00000090   Code   RO         1692    i.GPIO_PinRemapConfig  stm32f10x_gpio.o
    0x08004240   0x00000004   Code   RO         1698    i.GPIO_SetBits      stm32f10x_gpio.o
    0x08004244   0x0000000c   Code   RO         4990    i.GetAccz           imu.o
    0x08004250   0x000008e4   Code   RO         4991    i.GetAngle          imu.o
    0x08004b34   0x00000014   Code   RO          475    i.GetLockCode       init.o
    0x08004b48   0x00000044   Code   RO          340    i.GetSysTime_us     delay.o
    0x08004b8c   0x00000004   Code   RO          112    i.HardFault_Handler  stm32f10x_it.o
    0x08004b90   0x00000dfc   Code   RO         4649    i.HeightPidControl  control.o
    0x0800598c   0x00000284   Code   RO         4155    i.Height_Get        spl06.o
    0x08005c10   0x00000114   Code   RO         4156    i.High_Data_Calc    spl06.o
    0x08005d24   0x00000018   Code   RO         4157    i.High_Data_Reset   spl06.o
    0x08005d3c   0x000000cc   Code   RO         3515    i.I2c_Ack           iic_software.o
    0x08005e08   0x000000cc   Code   RO         3516    i.I2c_NoAck         iic_software.o
    0x08005ed4   0x000000c0   Code   RO         3517    i.I2c_ReadByte      iic_software.o
    0x08005f94   0x000000c0   Code   RO         3518    i.I2c_SendByte      iic_software.o
    0x08006054   0x00000094   Code   RO         3520    i.I2c_Start         iic_software.o
    0x080060e8   0x0000009c   Code   RO         3521    i.I2c_Stop          iic_software.o
    0x08006184   0x000000b4   Code   RO         3522    i.I2c_WaitAck       iic_software.o
    0x08006238   0x0000002c   Code   RO         3523    i.IIC_Init          iic_software.o
    0x08006264   0x00000052   Code   RO         3524    i.IIC_Read_1Byte    iic_software.o
    0x080062b6   0x00000064   Code   RO         3525    i.IIC_Read_One_Byte  iic_software.o
    0x0800631a   0x00000044   Code   RO         3528    i.IIC_Write_One_Byte  iic_software.o
    0x0800635e   0x00000080   Code   RO         3529    i.IIC_read_Bytes    iic_software.o
    0x080063de   0x00000002   PAD
    0x080063e0   0x00000010   Code   RO         2002    i.IWDG_Enable       stm32f10x_iwdg.o
    0x080063f0   0x00000008   Code   RO          192    i.IWDG_Feed         main.o
    0x080063f8   0x00000024   Code   RO          193    i.IWDG_Init         main.o
    0x0800641c   0x00000010   Code   RO         2004    i.IWDG_ReloadCounter  stm32f10x_iwdg.o
    0x0800642c   0x0000000c   Code   RO         2005    i.IWDG_SetPrescaler  stm32f10x_iwdg.o
    0x08006438   0x0000000c   Code   RO         2006    i.IWDG_SetReload    stm32f10x_iwdg.o
    0x08006444   0x0000000c   Code   RO         2007    i.IWDG_WriteAccessCmd  stm32f10x_iwdg.o
    0x08006450   0x00000038   Code   RO         3860    i.LEDInit           led.o
    0x08006488   0x0000006c   Code   RO          405    i.Loop_check        scheduler.o
    0x080064f4   0x00000004   Code   RO          113    i.MemManage_Handler  stm32f10x_it.o
    0x080064f8   0x00000928   Code   RO         4650    i.Mode_Controler    control.o
    0x08006e20   0x000007d0   Code   RO         4651    i.MotorControl      control.o
    0x080075f0   0x000000a4   Code   RO         4862    i.Moving_Average    filter.o
    0x08007694   0x00000404   Code   RO         4087    i.MpuGetData        mpu6050.o
    0x08007a98   0x00000128   Code   RO         4088    i.MpuGetOffset      mpu6050.o
    0x08007bc0   0x0000001c   Code   RO         4089    i.MpuGetOffset_save  mpu6050.o
    0x08007bdc   0x00000360   Code   RO         4090    i.MpuInit           mpu6050.o
    0x08007f3c   0x00000002   Code   RO          114    i.NMI_Handler       stm32f10x_it.o
    0x08007f3e   0x00000002   PAD
    0x08007f40   0x0000004c   Code   RO         3893    i.NRF24L01_Check    nrf24l01.o
    0x08007f8c   0x00000090   Code   RO         3894    i.NRF24L01_Configuration  nrf24l01.o
    0x0800801c   0x00000044   Code   RO         3895    i.NRF24L01_Read_Buf  nrf24l01.o
    0x08008060   0x0000002c   Code   RO         3896    i.NRF24L01_Read_Reg  nrf24l01.o
    0x0800808c   0x00000044   Code   RO         3899    i.NRF24L01_Write_Buf  nrf24l01.o
    0x080080d0   0x00000030   Code   RO         3900    i.NRF24L01_Write_Reg  nrf24l01.o
    0x08008100   0x00000084   Code   RO         3901    i.NRF24L01_init     nrf24l01.o
    0x08008184   0x0000009c   Code   RO         3902    i.NRF_Connect       nrf24l01.o
    0x08008220   0x00000070   Code   RO          521    i.NVIC_Init         misc.o
    0x08008290   0x00000014   Code   RO          522    i.NVIC_PriorityGroupConfig  misc.o
    0x080082a4   0x00000002   Code   RO          115    i.PendSV_Handler    stm32f10x_it.o
    0x080082a6   0x00000002   PAD
    0x080082a8   0x00000284   Code   RO         3861    i.PilotLED          led.o
    0x0800852c   0x00000328   Code   RO         4288    i.Pixel_Flow_Fix    flow.o
    0x08008854   0x00000164   Code   RO         4289    i.Pixel_Flow_set_zero  flow.o
    0x080089b8   0x00000050   Code   RO         5020    i.Q_rsqrt           mymath.o
    0x08008a08   0x00000018   Code   RO         2110    i.RCC_ADCCLKConfig  stm32f10x_rcc.o
    0x08008a20   0x00000020   Code   RO         2111    i.RCC_AHBPeriphClockCmd  stm32f10x_rcc.o
    0x08008a40   0x00000020   Code   RO         2112    i.RCC_APB1PeriphClockCmd  stm32f10x_rcc.o
    0x08008a60   0x00000020   Code   RO         2114    i.RCC_APB2PeriphClockCmd  stm32f10x_rcc.o
    0x08008a80   0x00000020   Code   RO         2115    i.RCC_APB2PeriphResetCmd  stm32f10x_rcc.o
    0x08008aa0   0x000000d4   Code   RO         2122    i.RCC_GetClocksFreq  stm32f10x_rcc.o
    0x08008b74   0x000000e4   Code   RO         4596    i.RC_Analy          remote.o
    0x08008c58   0x0000000e   Code   RO         4597    i.Rc_Connect        remote.o
    0x08008c66   0x00000018   Code   RO         2594    i.SPI_Cmd           stm32f10x_spi.o
    0x08008c7e   0x00000002   PAD
    0x08008c80   0x00000094   Code   RO         3682    i.SPI_Config        spi.o
    0x08008d14   0x00000012   Code   RO         2602    i.SPI_I2S_GetFlagStatus  stm32f10x_spi.o
    0x08008d26   0x00000006   Code   RO         2605    i.SPI_I2S_ReceiveData  stm32f10x_spi.o
    0x08008d2c   0x00000004   Code   RO         2606    i.SPI_I2S_SendData  stm32f10x_spi.o
    0x08008d30   0x0000003c   Code   RO         2607    i.SPI_Init          stm32f10x_spi.o
    0x08008d6c   0x00000038   Code   RO         3683    i.SPI_RW            spi.o
    0x08008da4   0x00000002   Code   RO          116    i.SVC_Handler       stm32f10x_it.o
    0x08008da6   0x00000008   Code   RO           17    i.SetSysClock       system_stm32f10x.o
    0x08008dae   0x00000002   PAD
    0x08008db0   0x000000e0   Code   RO           18    i.SetSysClockTo72   system_stm32f10x.o
    0x08008e90   0x00000008   Code   RO          117    i.SysTick_Handler   stm32f10x_it.o
    0x08008e98   0x00000048   Code   RO          341    i.SysTick_IRQ       delay.o
    0x08008ee0   0x00000060   Code   RO           20    i.SystemInit        system_stm32f10x.o
    0x08008f40   0x000000e4   Code   RO         3626    i.TIM2_PWM_Config   tim.o
    0x08009024   0x000000f4   Code   RO         3627    i.TIM3_PWM_Config   tim.o
    0x08009118   0x00000018   Code   RO         2737    i.TIM_ARRPreloadConfig  stm32f10x_tim.o
    0x08009130   0x00000018   Code   RO         2749    i.TIM_Cmd           stm32f10x_tim.o
    0x08009148   0x00000012   Code   RO         2774    i.TIM_ITConfig      stm32f10x_tim.o
    0x0800915a   0x00000002   PAD
    0x0800915c   0x00000098   Code   RO         2778    i.TIM_OC1Init       stm32f10x_tim.o
    0x080091f4   0x00000012   Code   RO         2781    i.TIM_OC1PreloadConfig  stm32f10x_tim.o
    0x08009206   0x00000002   PAD
    0x08009208   0x000000a4   Code   RO         2783    i.TIM_OC2Init       stm32f10x_tim.o
    0x080092ac   0x0000001a   Code   RO         2786    i.TIM_OC2PreloadConfig  stm32f10x_tim.o
    0x080092c6   0x00000002   PAD
    0x080092c8   0x000000a0   Code   RO         2788    i.TIM_OC3Init       stm32f10x_tim.o
    0x08009368   0x00000012   Code   RO         2791    i.TIM_OC3PreloadConfig  stm32f10x_tim.o
    0x0800937a   0x00000002   PAD
    0x0800937c   0x0000007c   Code   RO         2793    i.TIM_OC4Init       stm32f10x_tim.o
    0x080093f8   0x0000001a   Code   RO         2795    i.TIM_OC4PreloadConfig  stm32f10x_tim.o
    0x08009412   0x00000002   PAD
    0x08009414   0x000000a4   Code   RO         2820    i.TIM_TimeBaseInit  stm32f10x_tim.o
    0x080094b8   0x00000088   Code   RO         3747    i.USART1_IRQHandler  uart1.o
    0x08009540   0x00000084   Code   RO         3796    i.USART2_IRQHandler  usart2.o
    0x080095c4   0x000000cc   Code   RO         3707    i.USART3_Config     usart3.o
    0x08009690   0x00000078   Code   RO         4534    i.USART3_IRQHandler  ano_dt.o
    0x08009708   0x00000030   Code   RO         3709    i.USART3_SendByte   usart3.o
    0x08009738   0x00000022   Code   RO         3283    i.USART_ClockInit   stm32f10x_usart.o
    0x0800975a   0x00000018   Code   RO         3285    i.USART_Cmd         stm32f10x_usart.o
    0x08009772   0x0000001a   Code   RO         3288    i.USART_GetFlagStatus  stm32f10x_usart.o
    0x0800978c   0x0000004a   Code   RO         3291    i.USART_ITConfig    stm32f10x_usart.o
    0x080097d6   0x00000002   PAD
    0x080097d8   0x000000d8   Code   RO         3292    i.USART_Init        stm32f10x_usart.o
    0x080098b0   0x0000000a   Code   RO         3299    i.USART_ReceiveData  stm32f10x_usart.o
    0x080098ba   0x00000008   Code   RO         3302    i.USART_SendData    stm32f10x_usart.o
    0x080098c2   0x00000004   Code   RO          118    i.UsageFault_Handler  stm32f10x_it.o
    0x080098c6   0x00000002   PAD
    0x080098c8   0x00000118   Code   RO         3650    i.Voltage_Check     adc.o
    0x080099e0   0x00000058   Code   RO         4703    i.WIFI_UFO_Connect  wifi_ufo.o
    0x08009a38   0x000000f8   Code   RO         4704    i.WIFI_UFO_Data_Receive_Anl  wifi_ufo.o
    0x08009b30   0x00000020   Code   RO         5259    i.__0printf$1       mc_w.l(printf1.o)
    0x08009b50   0x00000028   Code   RO         5530    i.__ARM_fpclassify  m_ws.l(fpclassify.o)
    0x08009b78   0x00000026   Code   RO         5532    i.__ARM_fpclassifyf  m_ws.l(fpclassifyf.o)
    0x08009b9e   0x00000002   PAD
    0x08009ba0   0x00000388   Code   RO         5551    i.__ieee754_rem_pio2  m_ws.l(rred.o)
    0x08009f28   0x000000fc   Code   RO         5513    i.__kernel_cos      m_ws.l(cos_i.o)
    0x0800a024   0x000000aa   Code   RO         5548    i.__kernel_poly     m_ws.l(poly.o)
    0x0800a0ce   0x00000002   PAD
    0x0800a0d0   0x000000ec   Code   RO         5556    i.__kernel_sin      m_ws.l(sin_i.o)
    0x0800a1bc   0x0000027c   Code   RO         5578    i.__kernel_tan      m_ws.l(tan_i.o)
    0x0800a438   0x00000006   Code   RO         5517    i.__mathlib_dbl_infnan  m_ws.l(dunder.o)
    0x0800a43e   0x0000000c   Code   RO         5519    i.__mathlib_dbl_invalid  m_ws.l(dunder.o)
    0x0800a44a   0x00000002   PAD
    0x0800a44c   0x00000010   Code   RO         5522    i.__mathlib_dbl_underflow  m_ws.l(dunder.o)
    0x0800a45c   0x00000004   Code   RO         5536    i.__mathlib_flt_infnan2  m_ws.l(funder.o)
    0x0800a460   0x0000000a   Code   RO         5540    i.__mathlib_flt_underflow  m_ws.l(funder.o)
    0x0800a46a   0x0000000e   Code   RO         5639    i.__scatterload_copy  mc_w.l(handlers.o)
    0x0800a478   0x00000002   Code   RO         5640    i.__scatterload_null  mc_w.l(handlers.o)
    0x0800a47a   0x0000000e   Code   RO         5641    i.__scatterload_zeroinit  mc_w.l(handlers.o)
    0x0800a488   0x0000000c   Code   RO         5611    i.__set_errno       mc_w.l(errno.o)
    0x0800a494   0x00000154   Code   RO         5266    i._printf_core      mc_w.l(printf1.o)
    0x0800a5e8   0x00000270   Code   RO         5144    i.asin              m_ws.l(asin.o)
    0x0800a858   0x0000025c   Code   RO         5162    i.atan2f            m_ws.l(atan2f.o)
    0x0800aab4   0x0000009c   Code   RO         5170    i.cos               m_ws.l(cos.o)
    0x0800ab50   0x00000024   Code   RO          342    i.cycleCounterInit  delay.o
    0x0800ab74   0x00000030   Code   RO          343    i.delay_ms          delay.o
    0x0800aba4   0x0000006c   Code   RO         4158    i.fix_inte_filter   spl06.o
    0x0800ac10   0x00000070   Code   RO          476    i.flow_pid_param_default  init.o
    0x0800ac80   0x00000070   Code   RO          477    i.flow_pid_param_move  init.o
    0x0800acf0   0x00000024   Code   RO         3748    i.fputc             uart1.o
    0x0800ad14   0x00000058   Code   RO         4922    i.kalman_1          kalman.o
    0x0800ad6c   0x00000084   Code   RO          194    i.main              main.o
    0x0800adf0   0x000000a4   Code   RO          406    i.main_loop         scheduler.o
    0x0800ae94   0x00000194   Code   RO         4598    i.motor_test        remote.o
    0x0800b028   0x000000a8   Code   RO         4599    i.mpu_adjust        remote.o
    0x0800b0d0   0x0000002c   Code   RO         5117    i.pidRest           pid.o
    0x0800b0fc   0x0000006a   Code   RO         5118    i.pidUpdate         pid.o
    0x0800b166   0x00000002   PAD
    0x0800b168   0x000000dc   Code   RO          478    i.pid_param_Init    init.o
    0x0800b244   0x00000320   Code   RO         4600    i.remote_unlock     remote.o
    0x0800b564   0x00000094   Code   RO         5187    i.round             m_ws.l(round.o)
    0x0800b5f8   0x000000a0   Code   RO         5190    i.sin               m_ws.l(sin.o)
    0x0800b698   0x000001e4   Code   RO         4159    i.spl0601_get_calib_param  spl06.o
    0x0800b87c   0x00000118   Code   RO         4161    i.spl0601_get_pressure1  spl06.o
    0x0800b994   0x0000006c   Code   RO         4162    i.spl0601_get_raw_pressure  spl06.o
    0x0800ba00   0x00000070   Code   RO         4163    i.spl0601_get_raw_temp  spl06.o
    0x0800ba70   0x00000078   Code   RO         4164    i.spl0601_get_temperature  spl06.o
    0x0800bae8   0x00000058   Code   RO         4165    i.spl0601_init      spl06.o
    0x0800bb40   0x00000144   Code   RO         4166    i.spl0601_rateset   spl06.o
    0x0800bc84   0x00000016   Code   RO         4167    i.spl0601_read      spl06.o
    0x0800bc9a   0x00000012   Code   RO         4168    i.spl0601_start_continuous  spl06.o
    0x0800bcac   0x00000014   Code   RO         4171    i.spl0601_write     spl06.o
    0x0800bcc0   0x0000004c   Code   RO         5563    i.sqrt              m_ws.l(sqrt.o)
    0x0800bd0c   0x00000064   Code   RO         5198    i.tan               m_ws.l(tan.o)
    0x0800bd70   0x0000000a   Data   RO         3906    .constdata          nrf24l01.o
    0x0800bd7a   0x00000002   PAD
    0x0800bd7c   0x00000018   Data   RO         5034    .constdata          mymath.o
    0x0800bd94   0x00000004   PAD
    0x0800bd98   0x00000050   Data   RO         5145    .constdata          m_ws.l(asin.o)
    0x0800bde8   0x00000030   Data   RO         5514    .constdata          m_ws.l(cos_i.o)
    0x0800be18   0x000000c8   Data   RO         5553    .constdata          m_ws.l(rred.o)
    0x0800bee0   0x00000028   Data   RO         5557    .constdata          m_ws.l(sin_i.o)
    0x0800bf08   0x00000060   Data   RO         5579    .constdata          m_ws.l(tan_i.o)
    0x0800bf68   0x00000020   Data   RO         5637    Region$$Table       anon$$obj.o


    Execution Region RW_IRAM1 (Base: 0x20000000, Size: 0x00001620, Max: 0x00005000, ABSOLUTE, COMPRESSED[0x000000a0])

    Base Addr    Size         Type   Attr      Idx    E Section Name        Object

    0x20000000   0x00000014   Data   RW           21    .data               system_stm32f10x.o
    0x20000014   0x0000000a   Data   RW          346    .data               delay.o
    0x2000001e   0x00000002   PAD
    0x20000020   0x00000008   Data   RW          408    .data               scheduler.o
    0x20000028   0x00000019   Data   RW          480    .data               init.o
    0x20000041   0x00000014   Data   RW         2142    .data               stm32f10x_rcc.o
    0x20000055   0x00000003   PAD
    0x20000058   0x0000000e   Data   RW         3652    .data               adc.o
    0x20000066   0x00000002   PAD
    0x20000068   0x00000007   Data   RW         3750    .data               uart1.o
    0x2000006f   0x00000001   PAD
    0x20000070   0x00000006   Data   RW         3798    .data               usart2.o
    0x20000076   0x00000002   PAD
    0x20000078   0x0000000e   Data   RW         3837    .data               flash.o
    0x20000086   0x00000002   PAD
    0x20000088   0x00000016   Data   RW         3863    .data               led.o
    0x2000009e   0x00000002   PAD
    0x200000a0   0x0000000e   Data   RW         3907    .data               nrf24l01.o
    0x200000ae   0x00000002   PAD
    0x200000b0   0x00000054   Data   RW         4093    .data               mpu6050.o
    0x20000104   0x000000ae   Data   RW         4175    .data               spl06.o
    0x200001b2   0x00000002   PAD
    0x200001b4   0x00000014   Data   RW         4291    .data               flow.o
    0x200001c8   0x00000018   Data   RW         4536    .data               ano_dt.o
    0x200001e0   0x00000014   Data   RW         4602    .data               remote.o
    0x200001f4   0x0000008a   Data   RW         4653    .data               control.o
    0x2000027e   0x00000002   PAD
    0x20000280   0x00000016   Data   RW         4707    .data               wifi_ufo.o
    0x20000296   0x00000002   PAD
    0x20000298   0x00000007   Data   RW         4759    .data               ano_data_transfer.o
    0x2000029f   0x00000001   PAD
    0x200002a0   0x0000001c   Data   RW         4993    .data               imu.o
    0x200002bc   0x00000004   Data   RW         5598    .data               mc_w.l(stdout.o)
    0x200002c0   0x00000004   Data   RW         5612    .data               mc_w.l(errno.o)
    0x200002c4   0x00000068   Zero   RW          407    .bss                scheduler.o
    0x2000032c   0x00000004   PAD
    0x20000330   0x000007fc   Zero   RW          479    .bss                init.o
    0x20000b2c   0x0000012c   Zero   RW         3749    .bss                uart1.o
    0x20000c58   0x0000012c   Zero   RW         3797    .bss                usart2.o
    0x20000d84   0x0000006c   Zero   RW         3905    .bss                nrf24l01.o
    0x20000df0   0x00000048   Zero   RW         4092    .bss                mpu6050.o
    0x20000e38   0x000000e4   Zero   RW         4174    .bss                spl06.o
    0x20000f1c   0x000000e4   Zero   RW         4290    .bss                flow.o
    0x20001000   0x000001a6   Zero   RW         4535    .bss                ano_dt.o
    0x200011a6   0x00000002   PAD
    0x200011a8   0x0000006c   Zero   RW         4758    .bss                ano_data_transfer.o
    0x20001214   0x0000000c   Zero   RW         4992    .bss                imu.o
    0x20001220   0x00000400   Zero   RW          103    STACK               startup_stm32f10x_md.o


==============================================================================

Image component sizes


      Code (inc. data)   RO Data    RW Data    ZI Data      Debug   Object Name

       592         54          0         14          0       3357   adc.o
      5036        290          0          7        108      12297   ano_data_transfer.o
      2720        276          0         24        422       7704   ano_dt.o
      9824        932          0        138          0       9678   control.o
         0          0          0          0          0       4536   core_cm3.o
       224         36          0         10          0       3086   delay.o
       164          8          0          0          0       1873   filter.o
       156         22          0         14          0       2145   flash.o
      1844        140          0         20        228       5227   flow.o
      1698         38          0          0          0       9390   iic_software.o
      2288         86          0         28         12       2784   imu.o
       688        182          0         25       2044       8333   init.o
        88          0          0          0          0       1775   kalman.o
       748         50          0         22          0       4505   led.o
       176         14          0          0          0     231314   main.o
       132         22          0          0          0       1659   misc.o
      2216         88          0         84         72       6981   mpu6050.o
        80          6         24          0          0       1133   mymath.o
      1124        122         10         14        108     224021   nrf24l01.o
       180          0          0          0          0       2247   pid.o
      1614        148          0         20          0       4877   remote.o
       776        120          0          8        104       5825   scheduler.o
       204         14          0          0          0       1242   spi.o
      2796        222          0        174        228      14085   spl06.o
        36          8        236          0       1024        848   startup_stm32f10x_md.o
       518         30          0          0          0       8985   stm32f10x_adc.o
       416          8          0          0          0       3594   stm32f10x_dma.o
       286         36          0          0          0       4224   stm32f10x_flash.o
       426          6          0          0          0       3481   stm32f10x_gpio.o
        32          0          0          0          0       5818   stm32f10x_it.o
        68         30          0          0          0       2710   stm32f10x_iwdg.o
       364         50          0         20          0       6486   stm32f10x_rcc.o
       112          0          0          0          0       4082   stm32f10x_spi.o
       918         92          0          0          0       8643   stm32f10x_tim.o
       392          6          0          0          0       6331   stm32f10x_usart.o
       328         28          0         20          0      69557   system_stm32f10x.o
       472         28          0          0          0       1540   tim.o
       478         44          0          7        300       4249   uart1.o
       132         18          0          6        300       1390   usart2.o
       252         12          0          0          0       1922   usart3.o
       336         84          0         22          0       2856   wifi_ufo.o

    ----------------------------------------------------------------------
     40972       3350        308        700       4956     706790   Object Totals
         0          0         32          0          0          0   (incl. Generated)
        38          0          6         23          6          0   (incl. Padding)

    ----------------------------------------------------------------------

      Code (inc. data)   RO Data    RW Data    ZI Data      Debug   Library Member Name

       624         52         80          0          0        168   asin.o
       604         76          0          0          0        116   atan2f.o
       156          8          0          0          0        104   cos.o
       252         22         48          0          0        124   cos_i.o
        34          6          0          0          0        204   dunder.o
        40          0          0          0          0         68   fpclassify.o
        38          0          0          0          0         68   fpclassifyf.o
        14          0          0          0          0        136   funder.o
       170          0          0          0          0         96   poly.o
       148         12          0          0          0         88   round.o
       904         76        200          0          0        140   rred.o
       160         10          0          0          0        108   sin.o
       236         12         40          0          0        128   sin_i.o
        76          0          0          0          0         84   sqrt.o
       100         10          0          0          0         96   tan.o
       636         50         96          0          0        168   tan_i.o
        86          0          0          0          0          0   __dczerorl2.o
         0          0          0          0          0          0   entry.o
         0          0          0          0          0          0   entry10a.o
         0          0          0          0          0          0   entry11a.o
         8          4          0          0          0          0   entry2.o
         4          0          0          0          0          0   entry5.o
         0          0          0          0          0          0   entry7b.o
         0          0          0          0          0          0   entry8b.o
         8          4          0          0          0          0   entry9a.o
        12          6          0          4          0         68   errno.o
        30          0          0          0          0          0   handlers.o
        36          8          0          0          0         68   init.o
         0          0          0          0          0          0   iusefp.o
        30          0          0          0          0         68   llshl.o
        36          0          0          0          0         68   llsshr.o
        32          0          0          0          0         68   llushr.o
        36          0          0          0          0         68   memcpya.o
        36          0          0          0          0        108   memseta.o
       372         14          0          0          0        184   printf1.o
         0          0          0          4          0          0   stdout.o
        44          0          0          0          0         80   uidiv.o
        48          0          0          0          0         68   cdcmple.o
        48          0          0          0          0         68   cdrcmple.o
        20          0          0          0          0         68   cfcmple.o
        20          0          0          0          0         68   cfrcmple.o
        56          0          0          0          0         88   d2f.o
       334          0          0          0          0        148   dadd.o
       222          0          0          0          0        100   ddiv.o
       186          0          0          0          0        176   depilogue.o
        62          0          0          0          0         80   dfixi.o
        34          0          0          0          0         76   dflti.o
        26          0          0          0          0         76   dfltui.o
       228          0          0          0          0         96   dmul.o
       136          4          0          0          0         92   drnd.o
        46          0          0          0          0         80   dscalb.o
       162          0          0          0          0        100   dsqrt.o
        38          0          0          0          0         68   f2d.o
       176          0          0          0          0        140   fadd.o
       124          0          0          0          0         88   fdiv.o
       110          0          0          0          0        168   fepilogue.o
        50          0          0          0          0         68   ffixi.o
        40          0          0          0          0         68   ffixui.o
        18          0          0          0          0         68   fflti.o
        10          0          0          0          0         68   ffltui.o
       100          0          0          0          0         76   fmul.o
        24          0          0          0          0         68   fscalb.o

    ----------------------------------------------------------------------
      7288        374        464          8          0       4940   Library Totals
         8          0          0          0          0          0   (incl. Padding)

    ----------------------------------------------------------------------

      Code (inc. data)   RO Data    RW Data    ZI Data      Debug   Library Name

      4192        334        464          0          0       1896   m_ws.l
       770         36          0          8          0        780   mc_w.l
      2318          4          0          0          0       2264   mf_w.l

    ----------------------------------------------------------------------
      7288        374        464          8          0       4940   Library Totals

    ----------------------------------------------------------------------

==============================================================================


      Code (inc. data)   RO Data    RW Data    ZI Data      Debug   

     48260       3724        772        708       4956     699170   Grand Totals
     48260       3724        772        160       4956     699170   ELF Image Totals (compressed)
     48260       3724        772        160          0          0   ROM Totals

==============================================================================

    Total RO  Size (Code + RO Data)                49032 (  47.88kB)
    Total RW  Size (RW Data + ZI Data)              5664 (   5.53kB)
    Total ROM Size (Code + RO Data + RW Data)      49192 (  48.04kB)

==============================================================================

